#-----------------------------------------------------------
# Vivado v2024.1 (64-bit)
# SW Build 5076996 on Wed May 22 18:37:14 MDT 2024
# IP Build 5075265 on Wed May 22 21:45:21 MDT 2024
# SharedData Build 5076995 on Wed May 22 18:29:18 MDT 2024
# Start of session at: Sun Dec 15 12:08:06 2024
# Process ID: 3292
# Current directory: C:/Users/cesar/Documents/GitHub/Asphalt-Journey
# Command line: vivado.exe -gui_launcher_event rodinguilauncherevent2616 C:\Users\cesar\Documents\GitHub\Asphalt-Journey\Asphalt-Journey.xpr
# Log file: C:/Users/cesar/Documents/GitHub/Asphalt-Journey/vivado.log
# Journal file: C:/Users/cesar/Documents/GitHub/Asphalt-Journey\vivado.jou
# Running On        :DESKTOP-1HN8B7K
# Platform          :Windows Server 2016 or Windows 10
# Operating System  :22631
# Processor Detail  :11th Gen Intel(R) Core(TM) i7-1165G7 @ 2.80GHz
# CPU Frequency     :2803 MHz
# CPU Physical cores:4
# CPU Logical cores :8
# Host memory       :16969 MB
# Swap memory       :18253 MB
# Total Virtual     :35223 MB
# Available Virtual :26856 MB
#-----------------------------------------------------------
start_gui
open_project C:/Users/cesar/Documents/GitHub/Asphalt-Journey/Asphalt-Journey.xpr
add_files -norecurse {C:/Users/cesar/Documents/GitHub/Asphalt-Journey/Asphalt-Journey.srcs/sources_1/new/SYNC_EDGE.vhd C:/Users/cesar/Documents/GitHub/Asphalt-Journey/Asphalt-Journey.srcs/sources_1/new/SYNC_BUTTONS.vhd C:/Users/cesar/Documents/GitHub/Asphalt-Journey/Asphalt-Journey.srcs/sources_1/new/SYNCHRONIZER.vhd C:/Users/cesar/Documents/GitHub/Asphalt-Journey/Asphalt-Journey.srcs/sources_1/new/EDGE_DETECTOR.vhd}
set_property SOURCE_SET sources_1 [get_filesets sim_1]
import_files -fileset sim_1 -norecurse {C:/Users/cesar/Documents/GitHub/Asphalt-Journey/Asphalt-Journey.srcs/sim_1/new/SYNC_BUTTONS_tb.vhd C:/Users/cesar/Documents/GitHub/Asphalt-Journey/Asphalt-Journey.srcs/sim_1/new/EDGE_DETECTOR_tb.vhd C:/Users/cesar/Documents/GitHub/Asphalt-Journey/Asphalt-Journey.srcs/sim_1/new/SYNC_EDGE_tb.vhd C:/Users/cesar/Documents/GitHub/Asphalt-Journey/Asphalt-Journey.srcs/sim_1/new/SYNCHRNZR_tb.vhd}
set_property top SYNC_BUTTONS_tb [get_filesets sim_1]
set_property top_lib xil_defaultlib [get_filesets sim_1]
launch_simulation
source SYNC_BUTTONS_tb.tcl
close_sim
set_property top SYNC_EDGE_tb [get_filesets sim_1]
set_property top_lib xil_defaultlib [get_filesets sim_1]
launch_simulation
source SYNC_EDGE_tb.tcl
close_sim
set_property top EDGE_DETECTOR_tb [get_filesets sim_1]
set_property top_lib xil_defaultlib [get_filesets sim_1]
launch_simulation
source EDGE_DETECTOR_tb.tcl
close_sim
set_property top SYNCHRONIZER_tb [get_filesets sim_1]
set_property top_lib xil_defaultlib [get_filesets sim_1]
set_property top SYNCHRNZR_tb [get_filesets sim_1]
set_property top_lib xil_defaultlib [get_filesets sim_1]
launch_simulation
source SYNCHRNZR_tb.tcl
close_sim
