#-----------------------------------------------------------
# Vivado v2024.1 (64-bit)
# SW Build 5076996 on Wed May 22 18:37:14 MDT 2024
# IP Build 5075265 on Wed May 22 21:45:21 MDT 2024
# SharedData Build 5076995 on Wed May 22 18:29:18 MDT 2024
# Start of session at: Wed Jan 22 17:26:42 2025
# Process ID: 12408
# Current directory: C:/ALVARO/UPM/Cuarto de carrera/Primer cuatri/Sistemas electronicos digitales/3. Trabajo/VHDL/Asphalt-Journey
# Command line: vivado.exe -gui_launcher_event rodinguilauncherevent17616 C:\ALVARO\UPM\Cuarto de carrera\Primer cuatri\Sistemas electronicos digitales\3. Trabajo\VHDL\Asphalt-Journey\Asphalt-Journey.xpr
# Log file: C:/ALVARO/UPM/Cuarto de carrera/Primer cuatri/Sistemas electronicos digitales/3. Trabajo/VHDL/Asphalt-Journey/vivado.log
# Journal file: C:/ALVARO/UPM/Cuarto de carrera/Primer cuatri/Sistemas electronicos digitales/3. Trabajo/VHDL/Asphalt-Journey\vivado.jou
# Running On        :DESKTOP-A7KB9SN
# Platform          :Windows Server 2016 or Windows 10
# Operating System  :19045
# Processor Detail  :Intel(R) Core(TM) i5-10300H CPU @ 2.50GHz
# CPU Frequency     :2496 MHz
# CPU Physical cores:4
# CPU Logical cores :8
# Host memory       :8373 MB
# Swap memory       :6710 MB
# Total Virtual     :15084 MB
# Available Virtual :5370 MB
#-----------------------------------------------------------
start_gui
open_project {C:/ALVARO/UPM/Cuarto de carrera/Primer cuatri/Sistemas electronicos digitales/3. Trabajo/VHDL/Asphalt-Journey/Asphalt-Journey.xpr}
launch_simulation
source CNTR_Logic_TB.tcl
# Disabling source management mode.  This is to allow the top design properties to be set without GUI intervention.
set_property source_mgmt_mode None [current_project]
set_property top CNTR_TB [get_filesets sim_1]
set_property top_lib xil_defaultlib [get_filesets sim_1]
# Re-enabling previously disabled source management mode.
set_property source_mgmt_mode DisplayOnly [current_project]
relaunch_sim
close_sim
launch_simulation
source CNTR_TB.tcl
run all
run all
run all
run all
run all
run all
run all
run all
relaunch_sim
add_bp {C:/ALVARO/UPM/Cuarto de carrera/Primer cuatri/Sistemas electronicos digitales/3. Trabajo/VHDL/Asphalt-Journey/Asphalt-Journey.srcs/sim_1/new/CNTR_tb.vhd} 151
run all
step
step
step
step
step
step
step
step
step
step
step
step
step
step
step
step
step
step
step
step
step
step
step
step
step
step
relaunch_sim
relaunch_sim
step
step
step
step
step
step
step
step
step
step
step
step
step
step
step
step
step
step
step
step
step
step
step
step
step
step
step
step
step
step
step
step
step
step
step
step
step
step
step
step
step
step
step
step
step
step
step
step
step
step
step
step
step
step
step
step
step
step
step
step
step
step
step
step
step
step
step
step
step
step
step
step
step
step
step
step
step
step
step
step
step
step
step
step
step
relaunch_sim
step
step
step
step
step
step
step
step
step
step
step
step
step
step
step
step
step
step
step
step
step
step
step
step
step
step
step
step
step
step
step
step
step
step
step
step
step
step
step
step
step
step
step
step
step
step
step
step
step
step
step
step
step
step
step
step
step
step
step
step
step
step
step
step
step
step
step
step
step
step
step
step
step
step
step
step
step
step
step
step
step
step
step
step
step
step
step
step
step
step
step
step
step
step
step
step
step
step
step
step
step
step
step
step
step
step
step
step
step
step
step
step
step
step
step
step
step
step
step
step
step
step
step
step
step
step
step
step
step
step
step
step
step
step
step
step
step
step
step
step
step
step
step
step
step
step
step
step
step
step
step
step
step
step
step
step
step
step
step
step
step
step
step
step
step
step
step
step
step
step
step
step
step
step
step
step
step
step
step
step
step
step
step
step
step
step
step
step
step
step
step
step
step
step
step
step
step
step
step
step
step
step
step
step
step
step
step
step
step
step
step
step
step
step
step
step
step
step
step
step
step
step
step
step
step
step
step
step
step
step
step
step
step
step
step
step
step
step
step
step
step
add_bp {C:/ALVARO/UPM/Cuarto de carrera/Primer cuatri/Sistemas electronicos digitales/3. Trabajo/VHDL/Asphalt-Journey/Asphalt-Journey.srcs/sim_1/new/CNTR_tb.vhd} 108
run all
step
step
step
step
step
step
step
step
step
step
step
step
step
step
step
run all
step
step
step
step
step
step
step
step
step
step
step
step
step
step
step
step
step
step
step
step
step
step
step
step
step
step
step
step
step
step
step
step
step
step
step
step
step
step
step
step
step
step
step
step
step
step
step
step
step
step
step
step
step
step
step
step
step
step
step
step
step
run all
step
step
step
step
step
step
step
step
step
step
step
step
step
step
step
step
step
step
step
step
step
step
step
step
step
step
step
step
step
step
step
step
step
step
step
step
step
step
step
step
step
step
step
step
step
add_bp {C:/ALVARO/UPM/Cuarto de carrera/Primer cuatri/Sistemas electronicos digitales/3. Trabajo/VHDL/Asphalt-Journey/Asphalt-Journey.srcs/sim_1/new/CNTR_tb.vhd} 111
remove_bps -file {C:/ALVARO/UPM/Cuarto de carrera/Primer cuatri/Sistemas electronicos digitales/3. Trabajo/VHDL/Asphalt-Journey/Asphalt-Journey.srcs/sim_1/new/CNTR_tb.vhd} -line 108
run all
step
step
step
step
step
step
step
step
step
step
step
step
step
step
step
step
step
step
step
step
step
step
step
step
step
step
step
step
step
step
step
step
step
step
step
step
step
step
step
step
step
step
step
step
step
step
step
step
step
step
step
step
step
step
step
step
step
step
step
step
step
step
step
step
step
step
step
step
step
step
step
step
step
step
step
step
step
step
step
step
step
step
step
step
step
step
step
step
step
step
step
step
step
step
step
step
step
step
step
step
step
step
step
step
step
step
step
step
step
step
step
step
step
step
step
step
step
step
step
step
step
step
step
step
step
step
step
step
step
step
step
step
step
step
step
step
step
step
step
step
step
step
step
step
step
step
step
step
step
step
step
step
step
step
step
step
step
step
step
step
step
step
step
step
step
step
step
step
step
step
step
step
step
step
step
step
step
step
step
step
step
step
step
step
step
step
step
step
step
step
step
step
step
step
step
step
step
step
step
step
step
step
step
step
step
step
step
step
step
step
step
step
step
step
step
step
step
step
step
step
step
step
step
step
step
step
step
step
step
step
step
run all
run all
run all
run all
run all
run all
run all
run all
run all
run all
run all
close_sim
launch_simulation
source CNTR_TB.tcl
remove_bps -file {C:/ALVARO/UPM/Cuarto de carrera/Primer cuatri/Sistemas electronicos digitales/3. Trabajo/VHDL/Asphalt-Journey/Asphalt-Journey.srcs/sim_1/new/CNTR_tb.vhd} -line 111
run all
remove_bps -file {C:/ALVARO/UPM/Cuarto de carrera/Primer cuatri/Sistemas electronicos digitales/3. Trabajo/VHDL/Asphalt-Journey/Asphalt-Journey.srcs/sim_1/new/CNTR_tb.vhd} -line 151
run all
relaunch_sim
relaunch_sim
relaunch_sim
add_bp {C:/ALVARO/UPM/Cuarto de carrera/Primer cuatri/Sistemas electronicos digitales/3. Trabajo/VHDL/Asphalt-Journey/Asphalt-Journey.srcs/sim_1/new/CNTR_tb.vhd} 151
relaunch_sim
add_bp {C:/ALVARO/UPM/Cuarto de carrera/Primer cuatri/Sistemas electronicos digitales/3. Trabajo/VHDL/Asphalt-Journey/Asphalt-Journey.srcs/sim_1/new/CNTR_tb.vhd} 160
step
step
step
step
step
step
step
step
step
step
step
step
step
step
step
step
step
step
step
step
step
step
step
step
step
step
step
step
step
step
step
run all
step
step
step
step
step
step
step
step
step
step
step
step
step
step
step
step
step
step
step
step
step
step
step
step
step
step
relaunch_sim
relaunch_sim
run all
relaunch_sim
relaunch_sim
run all
relaunch_sim
run all
relaunch_sim
relaunch_sim
run all
relaunch_sim
remove_bps -file {C:/ALVARO/UPM/Cuarto de carrera/Primer cuatri/Sistemas electronicos digitales/3. Trabajo/VHDL/Asphalt-Journey/Asphalt-Journey.srcs/sim_1/new/CNTR_tb.vhd} -line 151
run all
relaunch_sim
run 10 us
relaunch_sim
step
step
step
step
step
step
step
step
step
step
step
step
step
step
step
step
step
step
step
step
step
step
step
step
step
step
step
relaunch_sim
close_sim
reset_run impl_1 -prev_step 
launch_runs impl_1 -to_step write_bitstream -jobs 8
wait_on_run impl_1
reset_run synth_1
launch_runs impl_1 -to_step write_bitstream -jobs 8
wait_on_run impl_1
reset_run synth_1
launch_runs impl_1 -to_step write_bitstream -jobs 8
wait_on_run impl_1
reset_run synth_1
launch_runs impl_1 -to_step write_bitstream -jobs 8
wait_on_run impl_1
launch_simulation
launch_simulation
source CNTR_TB.tcl
close_sim
launch_simulation
source CNTR_TB.tcl
relaunch_sim
relaunch_sim
relaunch_sim
relaunch_sim
set_property is_enabled true [get_files  {{C:/ALVARO/UPM/Cuarto de carrera/Primer cuatri/Sistemas electronicos digitales/3. Trabajo/VHDL/Asphalt-Journey/Asphalt-Journey.srcs/sim_1/new/CAR_CTRL_TB.vhd}}]
set_property is_enabled true [get_files  {{C:/ALVARO/UPM/Cuarto de carrera/Primer cuatri/Sistemas electronicos digitales/3. Trabajo/VHDL/Asphalt-Journey/Asphalt-Journey.srcs/sim_1/new/Cooldown_TB.vhd}}]
# Disabling source management mode.  This is to allow the top design properties to be set without GUI intervention.
set_property source_mgmt_mode None [current_project]
set_property top Cooldown_TB [get_filesets sim_1]
set_property top_lib xil_defaultlib [get_filesets sim_1]
# Re-enabling previously disabled source management mode.
set_property source_mgmt_mode DisplayOnly [current_project]
launch_simulation
close_sim
launch_simulation
launch_simulation
launch_simulation
launch_simulation
export_ip_user_files -of_objects  [get_files {{C:/ALVARO/UPM/Cuarto de carrera/Primer cuatri/Sistemas electronicos digitales/3. Trabajo/VHDL/Asphalt-Journey/Asphalt-Journey.srcs/sim_1/new/Cooldown_TB.vhd}}] -no_script -reset -force -quiet
remove_files  -fileset sim_1 {{C:/ALVARO/UPM/Cuarto de carrera/Primer cuatri/Sistemas electronicos digitales/3. Trabajo/VHDL/Asphalt-Journey/Asphalt-Journey.srcs/sim_1/new/Cooldown_TB.vhd}}
set_property SOURCE_SET sources_1 [get_filesets sim_1]
add_files -fileset sim_1 -norecurse {{C:/Users/alvag/Desktop/Nueva carpeta/Asphalt-Journey.srcs/sim_1/new/Cooldown_TB.vhd}}
launch_simulation
export_ip_user_files -of_objects  [get_files {{C:/Users/alvag/Desktop/Nueva carpeta/Asphalt-Journey.srcs/sim_1/new/Cooldown_TB.vhd}}] -no_script -reset -force -quiet
remove_files  -fileset sim_1 {{C:/Users/alvag/Desktop/Nueva carpeta/Asphalt-Journey.srcs/sim_1/new/Cooldown_TB.vhd}}
remove_files  -fileset sim_1 {{C:/Users/alvag/Desktop/Nueva carpeta/Asphalt-Journey.srcs/sim_1/new/Cooldown_TB.vhd}}
set_property SOURCE_SET sources_1 [get_filesets sim_1]
close [ open {C:/ALVARO/UPM/Cuarto de carrera/Primer cuatri/Sistemas electronicos digitales/3. Trabajo/VHDL/Asphalt-Journey/Asphalt-Journey.srcs/sim_1/new/Cooldown_TB.vhd} w ]
add_files -fileset sim_1 {{C:/ALVARO/UPM/Cuarto de carrera/Primer cuatri/Sistemas electronicos digitales/3. Trabajo/VHDL/Asphalt-Journey/Asphalt-Journey.srcs/sim_1/new/Cooldown_TB.vhd}}
launch_simulation
export_ip_user_files -of_objects  [get_files {{C:/ALVARO/UPM/Cuarto de carrera/Primer cuatri/Sistemas electronicos digitales/3. Trabajo/VHDL/Asphalt-Journey/Asphalt-Journey.srcs/sim_1/new/Cooldown_TB.vhd}}] -no_script -reset -force -quiet
remove_files  -fileset sim_1 {{C:/ALVARO/UPM/Cuarto de carrera/Primer cuatri/Sistemas electronicos digitales/3. Trabajo/VHDL/Asphalt-Journey/Asphalt-Journey.srcs/sim_1/new/Cooldown_TB.vhd}}
file delete -force {C:/ALVARO/UPM/Cuarto de carrera/Primer cuatri/Sistemas electronicos digitales/3. Trabajo/VHDL/Asphalt-Journey/Asphalt-Journey.srcs/sim_1/new/Cooldown_TB.vhd}
