#-----------------------------------------------------------
# Vivado v2024.1 (64-bit)
# SW Build 5076996 on Wed May 22 18:37:14 MDT 2024
# IP Build 5075265 on Wed May 22 21:45:21 MDT 2024
# SharedData Build 5076995 on Wed May 22 18:29:18 MDT 2024
# Start of session at: Wed Jan 22 18:32:51 2025
# Process ID: 8592
# Current directory: C:/ALVARO/UPM/Cuarto de carrera/Primer cuatri/Sistemas electronicos digitales/3. Trabajo/VHDL/Asphalt-Journey
# Command line: vivado.exe -gui_launcher_event rodinguilauncherevent19824 C:\ALVARO\UPM\Cuarto de carrera\Primer cuatri\Sistemas electronicos digitales\3. Trabajo\VHDL\Asphalt-Journey\Asphalt-Journey.xpr
# Log file: C:/ALVARO/UPM/Cuarto de carrera/Primer cuatri/Sistemas electronicos digitales/3. Trabajo/VHDL/Asphalt-Journey/vivado.log
# Journal file: C:/ALVARO/UPM/Cuarto de carrera/Primer cuatri/Sistemas electronicos digitales/3. Trabajo/VHDL/Asphalt-Journey\vivado.jou
# Running On        :DESKTOP-A7KB9SN
# Platform          :Windows Server 2016 or Windows 10
# Operating System  :19045
# Processor Detail  :Intel(R) Core(TM) i5-10300H CPU @ 2.50GHz
# CPU Frequency     :2496 MHz
# CPU Physical cores:4
# CPU Logical cores :8
# Host memory       :8373 MB
# Swap memory       :6710 MB
# Total Virtual     :15084 MB
# Available Virtual :5586 MB
#-----------------------------------------------------------
start_gui
open_project {C:/ALVARO/UPM/Cuarto de carrera/Primer cuatri/Sistemas electronicos digitales/3. Trabajo/VHDL/Asphalt-Journey/Asphalt-Journey.xpr}
set_property SOURCE_SET sources_1 [get_filesets sim_1]
close [ open {C:/ALVARO/UPM/Cuarto de carrera/Primer cuatri/Sistemas electronicos digitales/3. Trabajo/VHDL/Asphalt-Journey/Asphalt-Journey.srcs/sim_1/new/Cooldown_TB.vhd} w ]
add_files -fileset sim_1 {{C:/ALVARO/UPM/Cuarto de carrera/Primer cuatri/Sistemas electronicos digitales/3. Trabajo/VHDL/Asphalt-Journey/Asphalt-Journey.srcs/sim_1/new/Cooldown_TB.vhd}}
launch_simulation
# Disabling source management mode.  This is to allow the top design properties to be set without GUI intervention.
set_property source_mgmt_mode None [current_project]
set_property top CNTR_TB [get_filesets sim_1]
set_property top_lib xil_defaultlib [get_filesets sim_1]
# Re-enabling previously disabled source management mode.
set_property source_mgmt_mode DisplayOnly [current_project]
# Disabling source management mode.  This is to allow the top design properties to be set without GUI intervention.
set_property source_mgmt_mode None [current_project]
set_property top Cooldown_TB [get_filesets sim_1]
set_property top_lib xil_defaultlib [get_filesets sim_1]
# Re-enabling previously disabled source management mode.
set_property source_mgmt_mode DisplayOnly [current_project]
launch_simulation
set_property SOURCE_SET sources_1 [get_filesets sim_1]
add_files -fileset sim_1 -norecurse {{C:/Users/alvag/Desktop/Nueva carpeta/Asphalt-Journey.srcs/sim_1/new/Cooldown_TB.vhd}}
# Disabling source management mode.  This is to allow the top design properties to be set without GUI intervention.
set_property source_mgmt_mode None [current_project]
# Re-enabling previously disabled source management mode.
set_property source_mgmt_mode DisplayOnly [current_project]
launch_simulation
# Disabling source management mode.  This is to allow the top design properties to be set without GUI intervention.
set_property source_mgmt_mode None [current_project]
# Re-enabling previously disabled source management mode.
set_property source_mgmt_mode DisplayOnly [current_project]
export_ip_user_files -of_objects  [get_files {{C:/Users/alvag/Desktop/Nueva carpeta/Asphalt-Journey.srcs/sim_1/new/Cooldown_TB.vhd}}] -no_script -reset -force -quiet
remove_files  -fileset sim_1 {{C:/Users/alvag/Desktop/Nueva carpeta/Asphalt-Journey.srcs/sim_1/new/Cooldown_TB.vhd}}
launch_simulation
export_ip_user_files -of_objects  [get_files {{C:/ALVARO/UPM/Cuarto de carrera/Primer cuatri/Sistemas electronicos digitales/3. Trabajo/VHDL/Asphalt-Journey/Asphalt-Journey.srcs/sim_1/new/Cooldown_TB.vhd}}] -no_script -reset -force -quiet
remove_files  -fileset sim_1 {{C:/ALVARO/UPM/Cuarto de carrera/Primer cuatri/Sistemas electronicos digitales/3. Trabajo/VHDL/Asphalt-Journey/Asphalt-Journey.srcs/sim_1/new/Cooldown_TB.vhd}}
file delete -force {C:/ALVARO/UPM/Cuarto de carrera/Primer cuatri/Sistemas electronicos digitales/3. Trabajo/VHDL/Asphalt-Journey/Asphalt-Journey.srcs/sim_1/new/Cooldown_TB.vhd}
# Disabling source management mode.  This is to allow the top design properties to be set without GUI intervention.
set_property source_mgmt_mode None [current_project]
set_property top CAR_CTRL_TB [get_filesets sim_1]
set_property top_lib xil_defaultlib [get_filesets sim_1]
# Re-enabling previously disabled source management mode.
set_property source_mgmt_mode DisplayOnly [current_project]
launch_simulation
launch_simulation
