#-----------------------------------------------------------
# Vivado v2024.2 (64-bit)
# SW Build 5239630 on Fri Nov 08 22:35:27 MST 2024
# IP Build 5239520 on Sun Nov 10 16:12:51 MST 2024
# SharedData Build 5239561 on Fri Nov 08 14:39:27 MST 2024
# Start of session at: Thu Jan 23 11:16:21 2025
# Process ID         : 7208
# Current directory  : C:/Users/cesar/Documents/GitHub/Asphalt-Journey
# Command line       : vivado.exe -gui_launcher_event rodinguilauncherevent2304 C:\Users\cesar\Documents\GitHub\Asphalt-Journey\Asphalt-Journey.xpr
# Log file           : C:/Users/cesar/Documents/GitHub/Asphalt-Journey/vivado.log
# Journal file       : C:/Users/cesar/Documents/GitHub/Asphalt-Journey\vivado.jou
# Running On         : DESKTOP-1HN8B7K
# Platform           : Windows Server 2016 or Windows 10
# Operating System   : 26100
# Processor Detail   : 11th Gen Intel(R) Core(TM) i7-1165G7 @ 2.80GHz
# CPU Frequency      : 2803 MHz
# CPU Physical cores : 4
# CPU Logical cores  : 8
# Host memory        : 16969 MB
# Swap memory        : 18253 MB
# Total Virtual      : 35223 MB
# Available Virtual  : 26854 MB
#-----------------------------------------------------------
start_gui
open_project C:/Users/cesar/Documents/GitHub/Asphalt-Journey/Asphalt-Journey.xpr
launch_simulation
source GESTION_IMPRESION_JUEGO_tb.tcl
close_sim
# Disabling source management mode.  This is to allow the top design properties to be set without GUI intervention.
set_property source_mgmt_mode None [current_project]
set_property top ORDEN_IMPRESION_JUEGO_tb [get_filesets sim_1]
set_property top_lib xil_defaultlib [get_filesets sim_1]
# Re-enabling previously disabled source management mode.
set_property source_mgmt_mode DisplayOnly [current_project]
launch_simulation
source ORDEN_IMPRESION_JUEGO_tb.tcl
close_sim
# Disabling source management mode.  This is to allow the top design properties to be set without GUI intervention.
set_property source_mgmt_mode None [current_project]
set_property top IMPRIMIR_JUEGO_tb [get_filesets sim_1]
set_property top_lib xil_defaultlib [get_filesets sim_1]
# Re-enabling previously disabled source management mode.
set_property source_mgmt_mode DisplayOnly [current_project]
launch_simulation
launch_simulation
launch_simulation
source IMPRIMIR_JUEGO_tb.tcl
close_sim
# Disabling source management mode.  This is to allow the top design properties to be set without GUI intervention.
set_property source_mgmt_mode None [current_project]
set_property top CONTROL_IMPRESION_tb [get_filesets sim_1]
set_property top_lib xil_defaultlib [get_filesets sim_1]
# Re-enabling previously disabled source management mode.
set_property source_mgmt_mode DisplayOnly [current_project]
launch_simulation
source CONTROL_IMPRESION_tb.tcl
close_sim
# Disabling source management mode.  This is to allow the top design properties to be set without GUI intervention.
set_property source_mgmt_mode None [current_project]
set_property top MUX_TXT_tb [get_filesets sim_1]
set_property top_lib xil_defaultlib [get_filesets sim_1]
# Re-enabling previously disabled source management mode.
set_property source_mgmt_mode DisplayOnly [current_project]
launch_simulation
source MUX_TXT_tb.tcl
close_sim
# Disabling source management mode.  This is to allow the top design properties to be set without GUI intervention.
set_property source_mgmt_mode None [current_project]
set_property top IMPRESION_BCD_tb [get_filesets sim_1]
set_property top_lib xil_defaultlib [get_filesets sim_1]
# Re-enabling previously disabled source management mode.
set_property source_mgmt_mode DisplayOnly [current_project]
launch_simulation
source IMPRESION_BCD_tb.tcl
close_sim
# Disabling source management mode.  This is to allow the top design properties to be set without GUI intervention.
set_property source_mgmt_mode None [current_project]
set_property top IMPRIMIR_TXT_tb [get_filesets sim_1]
set_property top_lib xil_defaultlib [get_filesets sim_1]
# Re-enabling previously disabled source management mode.
set_property source_mgmt_mode DisplayOnly [current_project]
launch_simulation
source IMPRIMIR_TXT_tb.tcl
close_sim
launch_simulation
# Disabling source management mode.  This is to allow the top design properties to be set without GUI intervention.
set_property source_mgmt_mode None [current_project]
set_property top NIVELES_CARRETERAS_tb [get_filesets sim_1]
set_property top_lib xil_defaultlib [get_filesets sim_1]
# Re-enabling previously disabled source management mode.
set_property source_mgmt_mode DisplayOnly [current_project]
launch_simulation
launch_simulation
launch_simulation
launch_simulation
source NIVELES_CARRETERAS_tb.tcl
close_sim
launch_simulation
source NIVELES_CARRETERAS_tb.tcl
close_sim
launch_simulation
source NIVELES_CARRETERAS_tb.tcl
close_sim
launch_simulation
source NIVELES_CARRETERAS_tb.tcl
close_sim
