Copyright 1986-2022 Xilinx, Inc. All Rights Reserved. Copyright 2022-2024 Advanced Micro Devices, Inc. All Rights Reserved.
---------------------------------------------------------------------------------------------------------------------------------------------
| Tool Version : Vivado v.2024.2 (win64) Build 5239630 Fri Nov 08 22:35:27 MST 2024
| Date         : Wed Jan 22 13:46:41 2025
| Host         : DESKTOP-1HN8B7K running 64-bit major release  (build 9200)
| Command      : report_control_sets -verbose -file SUPER_TOP_control_sets_placed.rpt
| Design       : SUPER_TOP
| Device       : xc7a100t
---------------------------------------------------------------------------------------------------------------------------------------------

Control Set Information

Table of Contents
-----------------
1. Summary
2. Histogram
3. Flip-Flop Distribution
4. Detailed Control Set Information

1. Summary
----------

+----------------------------------------------------------+-------+
|                          Status                          | Count |
+----------------------------------------------------------+-------+
| Total control sets                                       |   210 |
|    Minimum number of control sets                        |   210 |
|    Addition due to synthesis replication                 |     0 |
|    Addition due to physical synthesis replication        |     0 |
| Unused register locations in slices containing registers |  1371 |
+----------------------------------------------------------+-------+
* Control sets can be merged at opt_design using control_set_merge or merge_equivalent_drivers
** Run report_qor_suggestions for automated merging and remapping suggestions


2. Histogram
------------

+--------------------+-------+
|       Fanout       | Count |
+--------------------+-------+
| Total control sets |   210 |
| >= 0 to < 4        |   192 |
| >= 4 to < 6        |     0 |
| >= 6 to < 8        |     0 |
| >= 8 to < 10       |     2 |
| >= 10 to < 12      |     0 |
| >= 12 to < 14      |     0 |
| >= 14 to < 16      |     0 |
| >= 16              |    16 |
+--------------------+-------+
* Control sets can be remapped at either synth_design or opt_design


3. Flip-Flop Distribution
-------------------------

+--------------+-----------------------+------------------------+-----------------+--------------+
| Clock Enable | Synchronous Set/Reset | Asynchronous Set/Reset | Total Registers | Total Slices |
+--------------+-----------------------+------------------------+-----------------+--------------+
| No           | No                    | No                     |             166 |           61 |
| No           | No                    | Yes                    |             165 |           77 |
| No           | Yes                   | No                     |             183 |           96 |
| Yes          | No                    | No                     |              20 |           15 |
| Yes          | No                    | Yes                    |             256 |          140 |
| Yes          | Yes                   | No                     |              31 |            6 |
+--------------+-----------------------+------------------------+-----------------+--------------+


4. Detailed Control Set Information
-----------------------------------

+----------------------------------------------------------------------------------------------+--------------------------------------------------+-----------------------------------------------------------------------------------------------------------------------+------------------+----------------+--------------+
|                                         Clock Signal                                         |                   Enable Signal                  |                                                    Set/Reset Signal                                                   | Slice Load Count | Bel Load Count | Bels / Slice |
+----------------------------------------------------------------------------------------------+--------------------------------------------------+-----------------------------------------------------------------------------------------------------------------------+------------------+----------------+--------------+
|  Habilidad_tanque/FSM_onehot_cur_state_reg[0]_0                                              |                                                  | Habilidad_tanque/FSM_onehot_cur_state_reg[0]                                                                          |                1 |              1 |         1.00 |
|  ControlCoche/Cooldown_dev/Temporizador/count_reg[28]_LDC_i_1_n_0                            |                                                  | ControlCoche/Cooldown_dev/Temporizador/count_reg[28]_LDC_i_2_n_0                                                      |                1 |              1 |         1.00 |
|  CLK_IBUF_BUFG                                                                               |                                                  | Habilidad_tanque/FSM_onehot_cur_state_reg[0]                                                                          |                1 |              1 |         1.00 |
|  CLK_IBUF_BUFG                                                                               |                                                  | Habilidad_tanque/FSM_onehot_cur_state_reg[0]_0                                                                        |                1 |              1 |         1.00 |
|  ControlCoche/Cooldown_dev/Temporizador/count_reg[24]_LDC_i_1_n_0                            |                                                  | ControlCoche/Cooldown_dev/Temporizador/count_reg[24]_LDC_i_2_n_0                                                      |                1 |              1 |         1.00 |
|  ControlCoche/Cooldown_dev/Temporizador/count_reg[20]_LDC_i_1_n_0                            |                                                  | ControlCoche/Cooldown_dev/Temporizador/count_reg[20]_LDC_i_2_n_0                                                      |                1 |              1 |         1.00 |
|  ControlCoche/Cooldown_dev/Temporizador/count_reg[23]_LDC_i_1_n_0                            |                                                  | ControlCoche/Cooldown_dev/Temporizador/count_reg[23]_LDC_i_2_n_0                                                      |                1 |              1 |         1.00 |
|  CLK_IBUF_BUFG                                                                               |                                                  | Cuent_atras/FLANCO/fin_fase                                                                                           |                1 |              1 |         1.00 |
|  CLK_IBUF_BUFG                                                                               |                                                  | ControlCoche/Cooldown_dev/Temporizador/count_reg[0]_LDC_i_2_n_0                                                       |                1 |              1 |         1.00 |
|  CLK_IBUF_BUFG                                                                               |                                                  | ControlCoche/Cooldown_dev/Temporizador/count_reg[1]_LDC_i_2_n_0                                                       |                1 |              1 |         1.00 |
|  CLK_IBUF_BUFG                                                                               |                                                  | ControlCoche/Cooldown_dev/Temporizador/count_reg[13]_LDC_i_2_n_0                                                      |                1 |              1 |         1.00 |
|  CLK_IBUF_BUFG                                                                               |                                                  | ControlCoche/Cooldown_dev/Temporizador/count_reg[18]_LDC_i_2_n_0                                                      |                1 |              1 |         1.00 |
|  CLK_IBUF_BUFG                                                                               |                                                  | ControlCoche/Cooldown_dev/Temporizador/count_reg[17]_LDC_i_2_n_0                                                      |                1 |              1 |         1.00 |
|  CLK_IBUF_BUFG                                                                               |                                                  | ControlCoche/Cooldown_dev/Temporizador/count_reg[10]_LDC_i_2_n_0                                                      |                1 |              1 |         1.00 |
|  CLK_IBUF_BUFG                                                                               |                                                  | ControlCoche/Cooldown_dev/Temporizador/count_reg[15]_LDC_i_2_n_0                                                      |                1 |              1 |         1.00 |
|  CLK_IBUF_BUFG                                                                               |                                                  | ControlCoche/Cooldown_dev/Temporizador/count_reg[16]_LDC_i_2_n_0                                                      |                1 |              1 |         1.00 |
|  CLK_IBUF_BUFG                                                                               |                                                  | ControlCoche/Cooldown_dev/Temporizador/count_reg[12]_LDC_i_2_n_0                                                      |                1 |              1 |         1.00 |
|  CLK_IBUF_BUFG                                                                               |                                                  | ControlCoche/Cooldown_dev/Temporizador/count_reg[14]_LDC_i_2_n_0                                                      |                1 |              1 |         1.00 |
|  CLK_IBUF_BUFG                                                                               |                                                  | ControlCoche/Cooldown_dev/Temporizador/count_reg[11]_LDC_i_2_n_0                                                      |                1 |              1 |         1.00 |
|  CLK_IBUF_BUFG                                                                               |                                                  | ControlCoche/Cooldown_dev/Temporizador/count_reg[19]_LDC_i_2_n_0                                                      |                1 |              1 |         1.00 |
|  CLK_IBUF_BUFG                                                                               |                                                  | ControlCoche/Cooldown_dev/Temporizador/count_reg[21]_LDC_i_2_n_0                                                      |                1 |              1 |         1.00 |
|  CLK_IBUF_BUFG                                                                               |                                                  | ControlCoche/Cooldown_dev/Temporizador/count_reg[3]_LDC_i_2_n_0                                                       |                1 |              1 |         1.00 |
|  CLK_IBUF_BUFG                                                                               |                                                  | ControlCoche/Cooldown_dev/Temporizador/count_reg[24]_LDC_i_2_n_0                                                      |                1 |              1 |         1.00 |
|  CLK_IBUF_BUFG                                                                               |                                                  | ControlCoche/Cooldown_dev/Temporizador/count_reg[30]_LDC_i_2_n_0                                                      |                1 |              1 |         1.00 |
|  CLK_IBUF_BUFG                                                                               |                                                  | ControlCoche/Cooldown_dev/Temporizador/count_reg[29]_LDC_i_2_n_0                                                      |                1 |              1 |         1.00 |
|  CLK_IBUF_BUFG                                                                               |                                                  | ControlCoche/Cooldown_dev/Temporizador/count_reg[28]_LDC_i_2_n_0                                                      |                1 |              1 |         1.00 |
|  CLK_IBUF_BUFG                                                                               |                                                  | ControlCoche/Cooldown_dev/Temporizador/count_reg[23]_LDC_i_2_n_0                                                      |                1 |              1 |         1.00 |
|  CLK_IBUF_BUFG                                                                               |                                                  | ControlCoche/Cooldown_dev/Temporizador/count_reg[2]_LDC_i_2_n_0                                                       |                1 |              1 |         1.00 |
|  CLK_IBUF_BUFG                                                                               |                                                  | ControlCoche/Cooldown_dev/Temporizador/count_reg[22]_LDC_i_2_n_0                                                      |                1 |              1 |         1.00 |
|  CLK_IBUF_BUFG                                                                               |                                                  | ControlCoche/Cooldown_dev/Temporizador/count_reg[25]_LDC_i_2_n_0                                                      |                1 |              1 |         1.00 |
|  CLK_IBUF_BUFG                                                                               |                                                  | ControlCoche/Cooldown_dev/Temporizador/count_reg[26]_LDC_i_2_n_0                                                      |                1 |              1 |         1.00 |
|  CLK_IBUF_BUFG                                                                               |                                                  | ControlCoche/Cooldown_dev/Temporizador/count_reg[27]_LDC_i_2_n_0                                                      |                1 |              1 |         1.00 |
|  CLK_IBUF_BUFG                                                                               |                                                  | ControlCoche/Cooldown_dev/Temporizador/count_reg[20]_LDC_i_2_n_0                                                      |                1 |              1 |         1.00 |
|  CLK_IBUF_BUFG                                                                               |                                                  | ControlCoche/Cooldown_dev/Temporizador/count_reg[7]_LDC_i_2_n_0                                                       |                1 |              1 |         1.00 |
|  CLK_IBUF_BUFG                                                                               |                                                  | ControlCoche/Cooldown_dev/Temporizador/count_reg[5]_LDC_i_2_n_0                                                       |                1 |              1 |         1.00 |
|  CLK_IBUF_BUFG                                                                               |                                                  | ControlCoche/Cooldown_dev/Temporizador/count_reg[6]_LDC_i_2_n_0                                                       |                1 |              1 |         1.00 |
|  CLK_IBUF_BUFG                                                                               |                                                  | ControlCoche/Cooldown_dev/Temporizador/count_reg[8]_LDC_i_2_n_0                                                       |                1 |              1 |         1.00 |
|  CLK_IBUF_BUFG                                                                               |                                                  | ControlCoche/Cooldown_dev/Temporizador/count_reg[9]_LDC_i_2_n_0                                                       |                1 |              1 |         1.00 |
|  CLK_IBUF_BUFG                                                                               |                                                  | ControlCoche/Cooldown_dev/Temporizador/count_reg[4]_LDC_i_2_n_0                                                       |                1 |              1 |         1.00 |
|  CLK_IBUF_BUFG                                                                               |                                                  | ControlCoche/Cooldown_dev/reset_tem                                                                                   |                1 |              1 |         1.00 |
|  ControlCoche/Cooldown_dev/Temporizador/count_reg[5]_LDC_i_1_n_0                             |                                                  | ControlCoche/Cooldown_dev/Temporizador/count_reg[5]_LDC_i_2_n_0                                                       |                1 |              1 |         1.00 |
|  ControlCoche/Cooldown_dev/Temporizador/count_reg[4]_LDC_i_1_n_0                             |                                                  | ControlCoche/Cooldown_dev/Temporizador/count_reg[4]_LDC_i_2_n_0                                                       |                1 |              1 |         1.00 |
|  ControlCoche/Cooldown_dev/Temporizador/count_reg[7]_LDC_i_1_n_0                             |                                                  | ControlCoche/Cooldown_dev/Temporizador/count_reg[7]_LDC_i_2_n_0                                                       |                1 |              1 |         1.00 |
|  ControlCoche/Cooldown_dev/Temporizador/count_reg[9]_LDC_i_1_n_0                             |                                                  | ControlCoche/Cooldown_dev/Temporizador/count_reg[9]_LDC_i_2_n_0                                                       |                1 |              1 |         1.00 |
|  ControlCoche/Cooldown_dev/Temporizador/count_reg[8]_LDC_i_1_n_0                             |                                                  | ControlCoche/Cooldown_dev/Temporizador/count_reg[8]_LDC_i_2_n_0                                                       |                1 |              1 |         1.00 |
|  ControlCoche/Cooldown_dev/Temporizador/count_reg[6]_LDC_i_1_n_0                             |                                                  | ControlCoche/Cooldown_dev/Temporizador/count_reg[6]_LDC_i_2_n_0                                                       |                1 |              1 |         1.00 |
|  CLK_IBUF_BUFG                                                                               | Maquina_estados/Q[3]                             | Maquina_estados/FSM_onehot_cur_state_reg[3]_10                                                                        |                1 |              1 |         1.00 |
|  CLK_IBUF_BUFG                                                                               | Maquina_estados/Q[3]                             | Maquina_estados/FSM_onehot_cur_state_reg[3]_11                                                                        |                1 |              1 |         1.00 |
|  CLK_IBUF_BUFG                                                                               | Maquina_estados/Q[3]                             | Maquina_estados/FSM_onehot_cur_state_reg[3]_12                                                                        |                1 |              1 |         1.00 |
|  CLK_IBUF_BUFG                                                                               | Maquina_estados/Q[3]                             | Maquina_estados/FSM_onehot_cur_state_reg[3]_34                                                                        |                1 |              1 |         1.00 |
|  CLK_IBUF_BUFG                                                                               | Maquina_estados/Q[3]                             | Maquina_estados/FSM_onehot_cur_state_reg[3]_40                                                                        |                1 |              1 |         1.00 |
|  CLK_IBUF_BUFG                                                                               | Maquina_estados/Q[3]                             | Maquina_estados/FSM_onehot_cur_state_reg[3]_48                                                                        |                1 |              1 |         1.00 |
|  CLK_IBUF_BUFG                                                                               | Maquina_estados/Q[3]                             | Maquina_estados/FSM_onehot_cur_state_reg[3]_49                                                                        |                1 |              1 |         1.00 |
|  CLK_IBUF_BUFG                                                                               | Maquina_estados/Q[3]                             | Maquina_estados/FSM_onehot_cur_state_reg[3]_5                                                                         |                1 |              1 |         1.00 |
|  CLK_IBUF_BUFG                                                                               | Maquina_estados/Q[3]                             | Maquina_estados/FSM_onehot_cur_state_reg[3]_58                                                                        |                1 |              1 |         1.00 |
|  CLK_IBUF_BUFG                                                                               | Maquina_estados/Q[3]                             | Maquina_estados/FSM_onehot_cur_state_reg[3]_31                                                                        |                1 |              1 |         1.00 |
|  CLK_IBUF_BUFG                                                                               | Maquina_estados/Q[3]                             | Maquina_estados/FSM_onehot_cur_state_reg[3]_29                                                                        |                1 |              1 |         1.00 |
|  CLK_IBUF_BUFG                                                                               | Maquina_estados/Q[3]                             | Maquina_estados/FSM_onehot_cur_state_reg[3]_42                                                                        |                1 |              1 |         1.00 |
|  CLK_IBUF_BUFG                                                                               | Maquina_estados/Q[3]                             | Maquina_estados/FSM_onehot_cur_state_reg[3]_37                                                                        |                1 |              1 |         1.00 |
|  CLK_IBUF_BUFG                                                                               | Maquina_estados/Q[3]                             | Maquina_estados/FSM_onehot_cur_state_reg[3]_14                                                                        |                1 |              1 |         1.00 |
|  CLK_IBUF_BUFG                                                                               | Maquina_estados/Q[3]                             | Maquina_estados/FSM_onehot_cur_state_reg[3]_32                                                                        |                1 |              1 |         1.00 |
|  CLK_IBUF_BUFG                                                                               | Maquina_estados/Q[3]                             | Maquina_estados/FSM_onehot_cur_state_reg[3]_54                                                                        |                1 |              1 |         1.00 |
|  CLK_IBUF_BUFG                                                                               | Maquina_estados/Q[3]                             | Maquina_estados/FSM_onehot_cur_state_reg[3]_59                                                                        |                1 |              1 |         1.00 |
|  CLK_IBUF_BUFG                                                                               | Maquina_estados/Q[3]                             | Maquina_estados/FSM_onehot_cur_state_reg[3]_17                                                                        |                1 |              1 |         1.00 |
|  CLK_IBUF_BUFG                                                                               | Maquina_estados/Q[3]                             | Maquina_estados/FSM_onehot_cur_state_reg[3]_6                                                                         |                1 |              1 |         1.00 |
|  CLK_IBUF_BUFG                                                                               | Maquina_estados/Q[3]                             | Maquina_estados/FSM_onehot_cur_state_reg[3]_45                                                                        |                1 |              1 |         1.00 |
|  CLK_IBUF_BUFG                                                                               | Maquina_estados/Q[3]                             | Maquina_estados/FSM_onehot_cur_state_reg[3]_60                                                                        |                1 |              1 |         1.00 |
|  CLK_IBUF_BUFG                                                                               | Maquina_estados/Q[3]                             | Maquina_estados/FSM_onehot_cur_state_reg[3]_61                                                                        |                1 |              1 |         1.00 |
|  CLK_IBUF_BUFG                                                                               | Maquina_estados/Q[3]                             | Maquina_estados/FSM_onehot_cur_state_reg[3]_46                                                                        |                1 |              1 |         1.00 |
|  CLK_IBUF_BUFG                                                                               | Maquina_estados/Q[3]                             | Maquina_estados/FSM_onehot_cur_state_reg[3]_62                                                                        |                1 |              1 |         1.00 |
|  CLK_IBUF_BUFG                                                                               | Maquina_estados/Q[3]                             | Maquina_estados/FSM_onehot_cur_state_reg[3]_64                                                                        |                1 |              1 |         1.00 |
|  CLK_IBUF_BUFG                                                                               | Maquina_estados/Q[3]                             | Maquina_estados/FSM_onehot_cur_state_reg[3]_36                                                                        |                1 |              1 |         1.00 |
|  CLK_IBUF_BUFG                                                                               | Maquina_estados/Q[3]                             | Maquina_estados/FSM_onehot_cur_state_reg[3]_7                                                                         |                1 |              1 |         1.00 |
|  CLK_IBUF_BUFG                                                                               | Maquina_estados/Q[3]                             | Maquina_estados/FSM_onehot_cur_state_reg[3]_63                                                                        |                1 |              1 |         1.00 |
|  CLK_IBUF_BUFG                                                                               | Maquina_estados/Q[3]                             | Maquina_estados/FSM_onehot_cur_state_reg[3]_39                                                                        |                1 |              1 |         1.00 |
|  CLK_IBUF_BUFG                                                                               | Maquina_estados/Q[3]                             | Maquina_estados/FSM_onehot_cur_state_reg[3]_9                                                                         |                1 |              1 |         1.00 |
|  CLK_IBUF_BUFG                                                                               | Maquina_estados/Q[3]                             | Maquina_estados/FSM_onehot_cur_state_reg[3]_53                                                                        |                1 |              1 |         1.00 |
|  CLK_IBUF_BUFG                                                                               | Maquina_estados/Q[3]                             | Maquina_estados/FSM_onehot_cur_state_reg[3]_56                                                                        |                1 |              1 |         1.00 |
|  CLK_IBUF_BUFG                                                                               | Maquina_estados/Q[3]                             | Maquina_estados/FSM_onehot_cur_state_reg[3]_55                                                                        |                1 |              1 |         1.00 |
|  CLK_IBUF_BUFG                                                                               | Maquina_estados/Q[3]                             | Maquina_estados/FSM_onehot_cur_state_reg[3]_8                                                                         |                1 |              1 |         1.00 |
|  CLK_IBUF_BUFG                                                                               | Maquina_estados/Q[3]                             | Maquina_estados/FSM_onehot_cur_state_reg[3]_18                                                                        |                1 |              1 |         1.00 |
|  CLK_IBUF_BUFG                                                                               | Maquina_estados/Q[3]                             | Maquina_estados/FSM_onehot_cur_state_reg[3]_47                                                                        |                1 |              1 |         1.00 |
|  CLK_IBUF_BUFG                                                                               | Maquina_estados/Q[3]                             | Maquina_estados/FSM_onehot_cur_state_reg[3]_50                                                                        |                1 |              1 |         1.00 |
|  CLK_IBUF_BUFG                                                                               | Maquina_estados/Q[3]                             | Maquina_estados/FSM_onehot_cur_state_reg[3]_26                                                                        |                1 |              1 |         1.00 |
|  CLK_IBUF_BUFG                                                                               | Maquina_estados/Q[3]                             | Maquina_estados/FSM_onehot_cur_state_reg[3]_23                                                                        |                1 |              1 |         1.00 |
|  CLK_IBUF_BUFG                                                                               | Maquina_estados/Q[3]                             | Maquina_estados/FSM_onehot_cur_state_reg[3]_20                                                                        |                1 |              1 |         1.00 |
|  CLK_IBUF_BUFG                                                                               | Maquina_estados/Q[3]                             | Maquina_estados/FSM_onehot_cur_state_reg[3]_22                                                                        |                1 |              1 |         1.00 |
|  CLK_IBUF_BUFG                                                                               | Maquina_estados/Q[3]                             | Maquina_estados/FSM_onehot_cur_state_reg[3]_28                                                                        |                1 |              1 |         1.00 |
|  CLK_IBUF_BUFG                                                                               | Maquina_estados/Q[3]                             | Maquina_estados/FSM_onehot_cur_state_reg[3]_24                                                                        |                1 |              1 |         1.00 |
|  CLK_IBUF_BUFG                                                                               | Maquina_estados/Q[3]                             | Maquina_estados/FSM_onehot_cur_state_reg[3]_35                                                                        |                1 |              1 |         1.00 |
|  CLK_IBUF_BUFG                                                                               | Maquina_estados/Q[3]                             | Maquina_estados/FSM_onehot_cur_state_reg[3]_41                                                                        |                1 |              1 |         1.00 |
|  CLK_IBUF_BUFG                                                                               | Maquina_estados/Q[3]                             | Maquina_estados/FSM_onehot_cur_state_reg[3]_43                                                                        |                1 |              1 |         1.00 |
|  CLK_IBUF_BUFG                                                                               | Maquina_estados/Q[3]                             | Maquina_estados/FSM_onehot_cur_state_reg[3]_51                                                                        |                1 |              1 |         1.00 |
|  CLK_IBUF_BUFG                                                                               | Maquina_estados/Q[3]                             | Maquina_estados/FSM_onehot_cur_state_reg[3]_52                                                                        |                1 |              1 |         1.00 |
|  CLK_IBUF_BUFG                                                                               | Maquina_estados/Q[3]                             | Maquina_estados/FSM_onehot_cur_state_reg[3]_16                                                                        |                1 |              1 |         1.00 |
|  CLK_IBUF_BUFG                                                                               | Maquina_estados/Q[3]                             | Maquina_estados/FSM_onehot_cur_state_reg[3]_57                                                                        |                1 |              1 |         1.00 |
|  CLK_IBUF_BUFG                                                                               | Maquina_estados/Q[3]                             | Maquina_estados/FSM_onehot_cur_state_reg[3]_15                                                                        |                1 |              1 |         1.00 |
|  CLK_IBUF_BUFG                                                                               | Maquina_estados/Q[3]                             | Maquina_estados/FSM_onehot_cur_state_reg[3]_13                                                                        |                1 |              1 |         1.00 |
|  CLK_IBUF_BUFG                                                                               | Maquina_estados/Q[3]                             | Maquina_estados/FSM_onehot_cur_state_reg[3]_33                                                                        |                1 |              1 |         1.00 |
|  CLK_IBUF_BUFG                                                                               | Maquina_estados/Q[3]                             | Maquina_estados/FSM_onehot_cur_state_reg[3]_38                                                                        |                1 |              1 |         1.00 |
|  CLK_IBUF_BUFG                                                                               | Maquina_estados/Q[3]                             | Maquina_estados/FSM_onehot_cur_state_reg[3]_19                                                                        |                1 |              1 |         1.00 |
|  CLK_IBUF_BUFG                                                                               | Maquina_estados/Q[3]                             | Maquina_estados/FSM_onehot_cur_state_reg[3]_44                                                                        |                1 |              1 |         1.00 |
|  CLK_IBUF_BUFG                                                                               | Maquina_estados/Q[3]                             | Maquina_estados/FSM_onehot_cur_state_reg[3]_25                                                                        |                1 |              1 |         1.00 |
|  CLK_IBUF_BUFG                                                                               | Maquina_estados/Q[3]                             | Maquina_estados/FSM_onehot_cur_state_reg[3]_21                                                                        |                1 |              1 |         1.00 |
|  CLK_IBUF_BUFG                                                                               | Maquina_estados/Q[3]                             | Maquina_estados/FSM_onehot_cur_state_reg[3]_30                                                                        |                1 |              1 |         1.00 |
|  CLK_IBUF_BUFG                                                                               | Maquina_estados/Q[3]                             | Maquina_estados/FSM_onehot_cur_state_reg[3]_27                                                                        |                1 |              1 |         1.00 |
|  CLK_IBUF_BUFG                                                                               | Maquina_estados/Q[3]                             | Cuent_atras/Logica/count_reg[0]_LDC_i_2__0_n_0                                                                        |                1 |              1 |         1.00 |
|  CLK_IBUF_BUFG                                                                               | Maquina_estados/Q[3]                             | Cuent_atras/Logica/count_reg[0]_LDC_i_1__0_n_0                                                                        |                1 |              1 |         1.00 |
|  CLK_IBUF_BUFG                                                                               | Maquina_estados/Q[3]                             | ControlCoche/Cooldown_dev/Temporizador/count_reg[16]_LDC_i_1_n_0                                                      |                1 |              1 |         1.00 |
|  CLK_IBUF_BUFG                                                                               | Maquina_estados/Q[3]                             | ControlCoche/Cooldown_dev/Temporizador/count_reg[17]_LDC_i_1_n_0                                                      |                1 |              1 |         1.00 |
|  CLK_IBUF_BUFG                                                                               | Maquina_estados/Q[3]                             | ControlCoche/Cooldown_dev/Temporizador/count_reg[19]_LDC_i_1_n_0                                                      |                1 |              1 |         1.00 |
|  CLK_IBUF_BUFG                                                                               | Maquina_estados/Q[3]                             | ControlCoche/Cooldown_dev/Temporizador/count_reg[1]_LDC_i_1_n_0                                                       |                1 |              1 |         1.00 |
|  CLK_IBUF_BUFG                                                                               | Maquina_estados/Q[3]                             | ControlCoche/Cooldown_dev/Temporizador/count_reg[13]_LDC_i_1_n_0                                                      |                1 |              1 |         1.00 |
|  CLK_IBUF_BUFG                                                                               | Maquina_estados/Q[3]                             | ControlCoche/Cooldown_dev/Temporizador/count_reg[18]_LDC_i_1_n_0                                                      |                1 |              1 |         1.00 |
|  CLK_IBUF_BUFG                                                                               | Maquina_estados/Q[3]                             | ControlCoche/Cooldown_dev/Temporizador/count_reg[0]_LDC_i_1_n_0                                                       |                1 |              1 |         1.00 |
|  CLK_IBUF_BUFG                                                                               | Maquina_estados/Q[3]                             | ControlCoche/Cooldown_dev/Temporizador/count_reg[10]_LDC_i_1_n_0                                                      |                1 |              1 |         1.00 |
|  CLK_IBUF_BUFG                                                                               | Maquina_estados/Q[3]                             | ControlCoche/Cooldown_dev/Temporizador/count_reg[14]_LDC_i_1_n_0                                                      |                1 |              1 |         1.00 |
|  CLK_IBUF_BUFG                                                                               | Maquina_estados/Q[3]                             | ControlCoche/Cooldown_dev/Temporizador/count_reg[15]_LDC_i_1_n_0                                                      |                1 |              1 |         1.00 |
|  CLK_IBUF_BUFG                                                                               | Maquina_estados/Q[3]                             | ControlCoche/Cooldown_dev/Temporizador/count_reg[12]_LDC_i_1_n_0                                                      |                1 |              1 |         1.00 |
|  CLK_IBUF_BUFG                                                                               | Maquina_estados/Q[3]                             | ControlCoche/Cooldown_dev/Temporizador/count_reg[11]_LDC_i_1_n_0                                                      |                1 |              1 |         1.00 |
|  CLK_IBUF_BUFG                                                                               | Maquina_estados/Q[3]                             | ControlCoche/Cooldown_dev/Temporizador/count_reg[29]_LDC_i_1_n_0                                                      |                1 |              1 |         1.00 |
|  CLK_IBUF_BUFG                                                                               | Maquina_estados/Q[3]                             | ControlCoche/Cooldown_dev/Temporizador/count_reg[2]_LDC_i_1_n_0                                                       |                1 |              1 |         1.00 |
|  CLK_IBUF_BUFG                                                                               | Maquina_estados/Q[3]                             | ControlCoche/Cooldown_dev/Temporizador/count_reg[30]_LDC_i_1_n_0                                                      |                1 |              1 |         1.00 |
|  CLK_IBUF_BUFG                                                                               | Maquina_estados/Q[3]                             | ControlCoche/Cooldown_dev/Temporizador/count_reg[3]_LDC_i_1_n_0                                                       |                1 |              1 |         1.00 |
|  CLK_IBUF_BUFG                                                                               | Maquina_estados/Q[3]                             | ControlCoche/Cooldown_dev/Temporizador/count_reg[25]_LDC_i_1_n_0                                                      |                1 |              1 |         1.00 |
|  CLK_IBUF_BUFG                                                                               | Maquina_estados/Q[3]                             | ControlCoche/Cooldown_dev/Temporizador/count_reg[27]_LDC_i_1_n_0                                                      |                1 |              1 |         1.00 |
|  CLK_IBUF_BUFG                                                                               | Maquina_estados/Q[3]                             | ControlCoche/Cooldown_dev/Temporizador/count_reg[21]_LDC_i_1_n_0                                                      |                1 |              1 |         1.00 |
|  CLK_IBUF_BUFG                                                                               | Maquina_estados/Q[3]                             | ControlCoche/Cooldown_dev/Temporizador/count_reg[26]_LDC_i_1_n_0                                                      |                1 |              1 |         1.00 |
|  CLK_IBUF_BUFG                                                                               | Maquina_estados/Q[3]                             | ControlCoche/Cooldown_dev/Temporizador/count_reg[22]_LDC_i_1_n_0                                                      |                1 |              1 |         1.00 |
|  CLK_IBUF_BUFG                                                                               | Maquina_estados/Q[3]                             | ControlCoche/Cooldown_dev/Temporizador/count_reg[28]_LDC_i_1_n_0                                                      |                1 |              1 |         1.00 |
|  CLK_IBUF_BUFG                                                                               | Maquina_estados/Q[3]                             | ControlCoche/Cooldown_dev/Temporizador/count_reg[24]_LDC_i_1_n_0                                                      |                1 |              1 |         1.00 |
|  CLK_IBUF_BUFG                                                                               | Maquina_estados/Q[3]                             | ControlCoche/Cooldown_dev/Temporizador/count_reg[20]_LDC_i_1_n_0                                                      |                1 |              1 |         1.00 |
|  CLK_IBUF_BUFG                                                                               | Maquina_estados/Q[3]                             | ControlCoche/Cooldown_dev/Temporizador/count_reg[23]_LDC_i_1_n_0                                                      |                1 |              1 |         1.00 |
|  CLK_IBUF_BUFG                                                                               | Maquina_estados/Q[3]                             | ControlCoche/Cooldown_dev/Temporizador/count_reg[5]_LDC_i_1_n_0                                                       |                1 |              1 |         1.00 |
|  CLK_IBUF_BUFG                                                                               | Maquina_estados/Q[3]                             | ControlCoche/Cooldown_dev/Temporizador/count_reg[4]_LDC_i_1_n_0                                                       |                1 |              1 |         1.00 |
|  CLK_IBUF_BUFG                                                                               | Maquina_estados/Q[3]                             | ControlCoche/Cooldown_dev/Temporizador/count_reg[7]_LDC_i_1_n_0                                                       |                1 |              1 |         1.00 |
|  CLK_IBUF_BUFG                                                                               | Maquina_estados/Q[3]                             | ControlCoche/Cooldown_dev/Temporizador/count_reg[9]_LDC_i_1_n_0                                                       |                1 |              1 |         1.00 |
|  CLK_IBUF_BUFG                                                                               | Maquina_estados/Q[3]                             | ControlCoche/Cooldown_dev/Temporizador/count_reg[8]_LDC_i_1_n_0                                                       |                1 |              1 |         1.00 |
|  CLK_IBUF_BUFG                                                                               | Maquina_estados/Q[3]                             | ControlCoche/Cooldown_dev/Temporizador/count_reg[6]_LDC_i_1_n_0                                                       |                1 |              1 |         1.00 |
|  Maquina_estados/FSM_onehot_cur_state_reg[3]_34                                              |                                                  | Maquina_estados/FSM_onehot_cur_state_reg[3]_64                                                                        |                1 |              1 |         1.00 |
|  Maquina_estados/FSM_onehot_cur_state_reg[3]_40                                              |                                                  | Maquina_estados/FSM_onehot_cur_state_reg[3]_10                                                                        |                1 |              1 |         1.00 |
|  Maquina_estados/FSM_onehot_cur_state_reg[3]_48                                              |                                                  | Maquina_estados/FSM_onehot_cur_state_reg[3]_18                                                                        |                1 |              1 |         1.00 |
|  Maquina_estados/FSM_onehot_cur_state_reg[3]_49                                              |                                                  | Maquina_estados/FSM_onehot_cur_state_reg[3]_19                                                                        |                1 |              1 |         1.00 |
|  Maquina_estados/FSM_onehot_cur_state_reg[3]_58                                              |                                                  | Maquina_estados/FSM_onehot_cur_state_reg[3]_28                                                                        |                1 |              1 |         1.00 |
|  Maquina_estados/FSM_onehot_cur_state_reg[3]_42                                              |                                                  | Maquina_estados/FSM_onehot_cur_state_reg[3]_12                                                                        |                1 |              1 |         1.00 |
|  Maquina_estados/FSM_onehot_cur_state_reg[3]_37                                              |                                                  | Maquina_estados/FSM_onehot_cur_state_reg[3]_7                                                                         |                1 |              1 |         1.00 |
|  Maquina_estados/FSM_onehot_cur_state_reg[3]_54                                              |                                                  | Maquina_estados/FSM_onehot_cur_state_reg[3]_24                                                                        |                1 |              1 |         1.00 |
|  Maquina_estados/FSM_onehot_cur_state_reg[3]_59                                              |                                                  | Maquina_estados/FSM_onehot_cur_state_reg[3]_29                                                                        |                1 |              1 |         1.00 |
|  Maquina_estados/FSM_onehot_cur_state_reg[3]_45                                              |                                                  | Maquina_estados/FSM_onehot_cur_state_reg[3]_15                                                                        |                1 |              1 |         1.00 |
|  Maquina_estados/FSM_onehot_cur_state_reg[3]_60                                              |                                                  | Maquina_estados/FSM_onehot_cur_state_reg[3]_30                                                                        |                1 |              1 |         1.00 |
|  Maquina_estados/FSM_onehot_cur_state_reg[3]_61                                              |                                                  | Maquina_estados/FSM_onehot_cur_state_reg[3]_31                                                                        |                1 |              1 |         1.00 |
|  Maquina_estados/FSM_onehot_cur_state_reg[3]_46                                              |                                                  | Maquina_estados/FSM_onehot_cur_state_reg[3]_16                                                                        |                1 |              1 |         1.00 |
|  Maquina_estados/FSM_onehot_cur_state_reg[3]_62                                              |                                                  | Maquina_estados/FSM_onehot_cur_state_reg[3]_32                                                                        |                1 |              1 |         1.00 |
|  Maquina_estados/FSM_onehot_cur_state_reg[3]_36                                              |                                                  | Maquina_estados/FSM_onehot_cur_state_reg[3]_6                                                                         |                1 |              1 |         1.00 |
|  Maquina_estados/FSM_onehot_cur_state_reg[3]_63                                              |                                                  | Maquina_estados/FSM_onehot_cur_state_reg[3]_33                                                                        |                1 |              1 |         1.00 |
|  Maquina_estados/FSM_onehot_cur_state_reg[3]_39                                              |                                                  | Maquina_estados/FSM_onehot_cur_state_reg[3]_9                                                                         |                1 |              1 |         1.00 |
|  Maquina_estados/FSM_onehot_cur_state_reg[3]_53                                              |                                                  | Maquina_estados/FSM_onehot_cur_state_reg[3]_23                                                                        |                1 |              1 |         1.00 |
|  Maquina_estados/FSM_onehot_cur_state_reg[3]_56                                              |                                                  | Maquina_estados/FSM_onehot_cur_state_reg[3]_26                                                                        |                1 |              1 |         1.00 |
|  Maquina_estados/FSM_onehot_cur_state_reg[3]_55                                              |                                                  | Maquina_estados/FSM_onehot_cur_state_reg[3]_25                                                                        |                1 |              1 |         1.00 |
|  Maquina_estados/FSM_onehot_cur_state_reg[3]_47                                              |                                                  | Maquina_estados/FSM_onehot_cur_state_reg[3]_17                                                                        |                1 |              1 |         1.00 |
|  Maquina_estados/FSM_onehot_cur_state_reg[3]_50                                              |                                                  | Maquina_estados/FSM_onehot_cur_state_reg[3]_20                                                                        |                1 |              1 |         1.00 |
|  Maquina_estados/FSM_onehot_cur_state_reg[3]_35                                              |                                                  | Maquina_estados/FSM_onehot_cur_state_reg[3]_5                                                                         |                1 |              1 |         1.00 |
|  Maquina_estados/FSM_onehot_cur_state_reg[3]_41                                              |                                                  | Maquina_estados/FSM_onehot_cur_state_reg[3]_11                                                                        |                1 |              1 |         1.00 |
|  Maquina_estados/FSM_onehot_cur_state_reg[3]_43                                              |                                                  | Maquina_estados/FSM_onehot_cur_state_reg[3]_13                                                                        |                1 |              1 |         1.00 |
|  Maquina_estados/FSM_onehot_cur_state_reg[3]_51                                              |                                                  | Maquina_estados/FSM_onehot_cur_state_reg[3]_21                                                                        |                1 |              1 |         1.00 |
|  Maquina_estados/FSM_onehot_cur_state_reg[3]_52                                              |                                                  | Maquina_estados/FSM_onehot_cur_state_reg[3]_22                                                                        |                1 |              1 |         1.00 |
|  Maquina_estados/FSM_onehot_cur_state_reg[3]_57                                              |                                                  | Maquina_estados/FSM_onehot_cur_state_reg[3]_27                                                                        |                1 |              1 |         1.00 |
|  Maquina_estados/FSM_onehot_cur_state_reg[3]_38                                              |                                                  | Maquina_estados/FSM_onehot_cur_state_reg[3]_8                                                                         |                1 |              1 |         1.00 |
|  Maquina_estados/FSM_onehot_cur_state_reg[3]_44                                              |                                                  | Maquina_estados/FSM_onehot_cur_state_reg[3]_14                                                                        |                1 |              1 |         1.00 |
|  Cuent_atras/Logica/count_reg[0]_LDC_i_1__0_n_0                                              |                                                  | Cuent_atras/Logica/count_reg[0]_LDC_i_2__0_n_0                                                                        |                1 |              1 |         1.00 |
|  ControlCoche/Cooldown_dev/Temporizador/count_reg[16]_LDC_i_1_n_0                            |                                                  | ControlCoche/Cooldown_dev/Temporizador/count_reg[16]_LDC_i_2_n_0                                                      |                1 |              1 |         1.00 |
|  ControlCoche/Cooldown_dev/Temporizador/count_reg[17]_LDC_i_1_n_0                            |                                                  | ControlCoche/Cooldown_dev/Temporizador/count_reg[17]_LDC_i_2_n_0                                                      |                1 |              1 |         1.00 |
|  ControlCoche/Cooldown_dev/Temporizador/count_reg[19]_LDC_i_1_n_0                            |                                                  | ControlCoche/Cooldown_dev/Temporizador/count_reg[19]_LDC_i_2_n_0                                                      |                1 |              1 |         1.00 |
|  ControlCoche/Cooldown_dev/Temporizador/count_reg[1]_LDC_i_1_n_0                             |                                                  | ControlCoche/Cooldown_dev/Temporizador/count_reg[1]_LDC_i_2_n_0                                                       |                1 |              1 |         1.00 |
|  ControlCoche/Cooldown_dev/Temporizador/count_reg[13]_LDC_i_1_n_0                            |                                                  | ControlCoche/Cooldown_dev/Temporizador/count_reg[13]_LDC_i_2_n_0                                                      |                1 |              1 |         1.00 |
|  ControlCoche/Cooldown_dev/Temporizador/count_reg[18]_LDC_i_1_n_0                            |                                                  | ControlCoche/Cooldown_dev/Temporizador/count_reg[18]_LDC_i_2_n_0                                                      |                1 |              1 |         1.00 |
|  ControlCoche/Cooldown_dev/Temporizador/count_reg[0]_LDC_i_1_n_0                             |                                                  | ControlCoche/Cooldown_dev/Temporizador/count_reg[0]_LDC_i_2_n_0                                                       |                1 |              1 |         1.00 |
|  ControlCoche/Cooldown_dev/Temporizador/count_reg[10]_LDC_i_1_n_0                            |                                                  | ControlCoche/Cooldown_dev/Temporizador/count_reg[10]_LDC_i_2_n_0                                                      |                1 |              1 |         1.00 |
|  ControlCoche/Cooldown_dev/Temporizador/count_reg[14]_LDC_i_1_n_0                            |                                                  | ControlCoche/Cooldown_dev/Temporizador/count_reg[14]_LDC_i_2_n_0                                                      |                1 |              1 |         1.00 |
|  ControlCoche/Cooldown_dev/Temporizador/count_reg[15]_LDC_i_1_n_0                            |                                                  | ControlCoche/Cooldown_dev/Temporizador/count_reg[15]_LDC_i_2_n_0                                                      |                1 |              1 |         1.00 |
|  ControlCoche/Cooldown_dev/Temporizador/count_reg[12]_LDC_i_1_n_0                            |                                                  | ControlCoche/Cooldown_dev/Temporizador/count_reg[12]_LDC_i_2_n_0                                                      |                1 |              1 |         1.00 |
|  ControlCoche/Cooldown_dev/Temporizador/count_reg[11]_LDC_i_1_n_0                            |                                                  | ControlCoche/Cooldown_dev/Temporizador/count_reg[11]_LDC_i_2_n_0                                                      |                1 |              1 |         1.00 |
|  ControlCoche/Cooldown_dev/Temporizador/count_reg[29]_LDC_i_1_n_0                            |                                                  | ControlCoche/Cooldown_dev/Temporizador/count_reg[29]_LDC_i_2_n_0                                                      |                1 |              1 |         1.00 |
|  ControlCoche/Cooldown_dev/Temporizador/count_reg[2]_LDC_i_1_n_0                             |                                                  | ControlCoche/Cooldown_dev/Temporizador/count_reg[2]_LDC_i_2_n_0                                                       |                1 |              1 |         1.00 |
|  ControlCoche/Cooldown_dev/Temporizador/count_reg[30]_LDC_i_1_n_0                            |                                                  | ControlCoche/Cooldown_dev/Temporizador/count_reg[30]_LDC_i_2_n_0                                                      |                1 |              1 |         1.00 |
|  ControlCoche/Cooldown_dev/Temporizador/count_reg[3]_LDC_i_1_n_0                             |                                                  | ControlCoche/Cooldown_dev/Temporizador/count_reg[3]_LDC_i_2_n_0                                                       |                1 |              1 |         1.00 |
|  ControlCoche/Cooldown_dev/Temporizador/count_reg[25]_LDC_i_1_n_0                            |                                                  | ControlCoche/Cooldown_dev/Temporizador/count_reg[25]_LDC_i_2_n_0                                                      |                1 |              1 |         1.00 |
|  ControlCoche/Cooldown_dev/Temporizador/count_reg[27]_LDC_i_1_n_0                            |                                                  | ControlCoche/Cooldown_dev/Temporizador/count_reg[27]_LDC_i_2_n_0                                                      |                1 |              1 |         1.00 |
|  ControlCoche/Cooldown_dev/Temporizador/count_reg[21]_LDC_i_1_n_0                            |                                                  | ControlCoche/Cooldown_dev/Temporizador/count_reg[21]_LDC_i_2_n_0                                                      |                1 |              1 |         1.00 |
|  ControlCoche/Cooldown_dev/Temporizador/count_reg[26]_LDC_i_1_n_0                            |                                                  | ControlCoche/Cooldown_dev/Temporizador/count_reg[26]_LDC_i_2_n_0                                                      |                1 |              1 |         1.00 |
|  ControlCoche/Cooldown_dev/Temporizador/count_reg[22]_LDC_i_1_n_0                            |                                                  | ControlCoche/Cooldown_dev/Temporizador/count_reg[22]_LDC_i_2_n_0                                                      |                1 |              1 |         1.00 |
|  CLK_IBUF_BUFG                                                                               |                                                  | Maquina_estados/Q[0]                                                                                                  |                2 |              2 |         1.00 |
|  CLK_IBUF_BUFG                                                                               | Maquina_estados/FSM_onehot_cur_state[7]_i_1_n_0  | Maquina_estados/FSM_onehot_cur_state[7]_i_3_n_0                                                                       |                4 |              8 |         2.00 |
|  Ctrl_impresion/inst_gestion_impresion_juego/mux_and_imp_juego_futuro/multiplexor_juego/E[0] |                                                  | Maquina_estados/FSM_onehot_cur_state_reg[3]_4                                                                         |                3 |              8 |         2.67 |
|  Maquina_estados/FSM_onehot_cur_state_reg[3]_65[0]                                           |                                                  | Maquina_estados/Q[0]                                                                                                  |                6 |             16 |         2.67 |
|  CLK_IBUF_BUFG                                                                               | Cuent_atras/FLANCO/E[0]                          |                                                                                                                       |               15 |             20 |         1.33 |
|  CLK_IBUF_BUFG                                                                               |                                                  | gen_clk/timer_gen[0].tx/count[0]_i_2__0_n_0                                                                           |                8 |             31 |         3.88 |
|  CLK_IBUF_BUFG                                                                               |                                                  | gen_clk/timer_gen[1].tx/count[0]_i_2_n_0                                                                              |                8 |             31 |         3.88 |
|  CLK_IBUF_BUFG                                                                               | SEL_DIF/valor                                    | Maquina_estados/Q[0]                                                                                                  |                8 |             31 |         3.88 |
|  CLK_IBUF_BUFG                                                                               | SEL_CAR/valor                                    | Maquina_estados/Q[0]                                                                                                  |                8 |             31 |         3.88 |
|  CLK_IBUF_BUFG                                                                               | Maquina_estados/fase                             | Maquina_estados/Q[0]                                                                                                  |                8 |             31 |         3.88 |
|  CLK_IBUF_BUFG                                                                               | Maquina_estados/E[0]                             | Maquina_estados/Q[0]                                                                                                  |               11 |             31 |         2.82 |
|  CLK_IBUF_BUFG                                                                               | Maquina_estados/FSM_onehot_cur_state_reg[0]_1[0] | Maquina_estados/SR[0]                                                                                                 |                6 |             31 |         5.17 |
|  CLK_IBUF_BUFG                                                                               | ControlCoche/CTRL_POS/valor                      | Maquina_estados/Q[0]                                                                                                  |                8 |             31 |         3.88 |
|  relojes_BUFG[1]                                                                             |                                                  | Ctrl_impresion/inst_gestion_impresion_juego/mux_and_imp_juego_actual/multiplexor_juego/i0_inferred__0/i__carry__2_n_0 |                8 |             32 |         4.00 |
|  relojes_BUFG[1]                                                                             |                                                  | Ctrl_impresion/inst_gestion_impresion_juego/mux_and_imp_juego_futuro/multiplexor_juego/clear                          |                8 |             32 |         4.00 |
|  relojes_BUFG[1]                                                                             |                                                  | Impresion_texto/inst_mux_txt/i0[31]                                                                                   |                8 |             32 |         4.00 |
|  CLK_IBUF_BUFG                                                                               |                                                  |                                                                                                                       |               19 |             62 |         3.26 |
|  relojes_BUFG[2]                                                                             |                                                  | Maquina_estados/FSM_onehot_cur_state_reg[3]_4                                                                         |               24 |             66 |         2.75 |
|  relojes_BUFG[1]                                                                             |                                                  |                                                                                                                       |               42 |            109 |         2.60 |
+----------------------------------------------------------------------------------------------+--------------------------------------------------+-----------------------------------------------------------------------------------------------------------------------+------------------+----------------+--------------+


