Copyright 1986-2022 Xilinx, Inc. All Rights Reserved. Copyright 2022-2024 Advanced Micro Devices, Inc. All Rights Reserved.
---------------------------------------------------------------------------------------------------------------------------------------------
| Tool Version : Vivado v.2024.1 (win64) Build 5076996 Wed May 22 18:37:14 MDT 2024
| Date         : Wed Jan 22 14:05:53 2025
| Host         : DESKTOP-A7KB9SN running 64-bit major release  (build 9200)
| Command      : report_drc -file SUPER_TOP_drc_routed.rpt -pb SUPER_TOP_drc_routed.pb -rpx SUPER_TOP_drc_routed.rpx
| Design       : SUPER_TOP
| Device       : xc7a100tcsg324-1
| Speed File   : -1
| Design State : Fully Routed
---------------------------------------------------------------------------------------------------------------------------------------------

Report DRC

Table of Contents
-----------------
1. REPORT SUMMARY
2. REPORT DETAILS

1. REPORT SUMMARY
-----------------
            Netlist: netlist
          Floorplan: design_1
      Design limits: <entire design considered>
           Ruledeck: default
             Max violations: <unlimited>
             Violations found: 77
+----------+----------+-----------------------------------------------------+------------+
| Rule     | Severity | Description                                         | Violations |
+----------+----------+-----------------------------------------------------+------------+
| CFGBVS-1 | Warning  | Missing CFGBVS and CONFIG_VOLTAGE Design Properties | 1          |
| PDRC-153 | Warning  | Gated clock check                                   | 76         |
+----------+----------+-----------------------------------------------------+------------+

2. REPORT DETAILS
-----------------
CFGBVS-1#1 Warning
Missing CFGBVS and CONFIG_VOLTAGE Design Properties  
Neither the CFGBVS nor CONFIG_VOLTAGE voltage property is set in the current_design.  Configuration bank voltage select (CFGBVS) must be set to VCCO or GND, and CONFIG_VOLTAGE must be set to the correct configuration voltage, in order to determine the I/O voltage support for the pins in bank 0.  It is suggested to specify these either using the 'Edit Device Properties' function in the GUI or directly in the XDC file using the following syntax:

 set_property CFGBVS value1 [current_design]
 #where value1 is either VCCO or GND

 set_property CONFIG_VOLTAGE value2 [current_design]
 #where value2 is the voltage provided to configuration bank 0

Refer to the device configuration user guide for more information.
Related violations: <none>

PDRC-153#1 Warning
Gated clock check  
Net ControlCoche/Cooldown_dev/Temporizador/count_reg[0]_LDC_i_1_n_0 is a gated clock net sourced by a combinational pin ControlCoche/Cooldown_dev/Temporizador/count_reg[0]_LDC_i_1/O, cell ControlCoche/Cooldown_dev/Temporizador/count_reg[0]_LDC_i_1. This is not good design practice and will likely impact performance. For SLICE registers, for example, use the CE pin to control the loading of data.
Related violations: <none>

PDRC-153#2 Warning
Gated clock check  
Net ControlCoche/Cooldown_dev/Temporizador/count_reg[10]_LDC_i_1_n_0 is a gated clock net sourced by a combinational pin ControlCoche/Cooldown_dev/Temporizador/count_reg[10]_LDC_i_1/O, cell ControlCoche/Cooldown_dev/Temporizador/count_reg[10]_LDC_i_1. This is not good design practice and will likely impact performance. For SLICE registers, for example, use the CE pin to control the loading of data.
Related violations: <none>

PDRC-153#3 Warning
Gated clock check  
Net ControlCoche/Cooldown_dev/Temporizador/count_reg[11]_LDC_i_1_n_0 is a gated clock net sourced by a combinational pin ControlCoche/Cooldown_dev/Temporizador/count_reg[11]_LDC_i_1/O, cell ControlCoche/Cooldown_dev/Temporizador/count_reg[11]_LDC_i_1. This is not good design practice and will likely impact performance. For SLICE registers, for example, use the CE pin to control the loading of data.
Related violations: <none>

PDRC-153#4 Warning
Gated clock check  
Net ControlCoche/Cooldown_dev/Temporizador/count_reg[12]_LDC_i_1_n_0 is a gated clock net sourced by a combinational pin ControlCoche/Cooldown_dev/Temporizador/count_reg[12]_LDC_i_1/O, cell ControlCoche/Cooldown_dev/Temporizador/count_reg[12]_LDC_i_1. This is not good design practice and will likely impact performance. For SLICE registers, for example, use the CE pin to control the loading of data.
Related violations: <none>

PDRC-153#5 Warning
Gated clock check  
Net ControlCoche/Cooldown_dev/Temporizador/count_reg[13]_LDC_i_1_n_0 is a gated clock net sourced by a combinational pin ControlCoche/Cooldown_dev/Temporizador/count_reg[13]_LDC_i_1/O, cell ControlCoche/Cooldown_dev/Temporizador/count_reg[13]_LDC_i_1. This is not good design practice and will likely impact performance. For SLICE registers, for example, use the CE pin to control the loading of data.
Related violations: <none>

PDRC-153#6 Warning
Gated clock check  
Net ControlCoche/Cooldown_dev/Temporizador/count_reg[14]_LDC_i_1_n_0 is a gated clock net sourced by a combinational pin ControlCoche/Cooldown_dev/Temporizador/count_reg[14]_LDC_i_1/O, cell ControlCoche/Cooldown_dev/Temporizador/count_reg[14]_LDC_i_1. This is not good design practice and will likely impact performance. For SLICE registers, for example, use the CE pin to control the loading of data.
Related violations: <none>

PDRC-153#7 Warning
Gated clock check  
Net ControlCoche/Cooldown_dev/Temporizador/count_reg[15]_LDC_i_1_n_0 is a gated clock net sourced by a combinational pin ControlCoche/Cooldown_dev/Temporizador/count_reg[15]_LDC_i_1/O, cell ControlCoche/Cooldown_dev/Temporizador/count_reg[15]_LDC_i_1. This is not good design practice and will likely impact performance. For SLICE registers, for example, use the CE pin to control the loading of data.
Related violations: <none>

PDRC-153#8 Warning
Gated clock check  
Net ControlCoche/Cooldown_dev/Temporizador/count_reg[16]_LDC_i_1_n_0 is a gated clock net sourced by a combinational pin ControlCoche/Cooldown_dev/Temporizador/count_reg[16]_LDC_i_1/O, cell ControlCoche/Cooldown_dev/Temporizador/count_reg[16]_LDC_i_1. This is not good design practice and will likely impact performance. For SLICE registers, for example, use the CE pin to control the loading of data.
Related violations: <none>

PDRC-153#9 Warning
Gated clock check  
Net ControlCoche/Cooldown_dev/Temporizador/count_reg[17]_LDC_i_1_n_0 is a gated clock net sourced by a combinational pin ControlCoche/Cooldown_dev/Temporizador/count_reg[17]_LDC_i_1/O, cell ControlCoche/Cooldown_dev/Temporizador/count_reg[17]_LDC_i_1. This is not good design practice and will likely impact performance. For SLICE registers, for example, use the CE pin to control the loading of data.
Related violations: <none>

PDRC-153#10 Warning
Gated clock check  
Net ControlCoche/Cooldown_dev/Temporizador/count_reg[18]_LDC_i_1_n_0 is a gated clock net sourced by a combinational pin ControlCoche/Cooldown_dev/Temporizador/count_reg[18]_LDC_i_1/O, cell ControlCoche/Cooldown_dev/Temporizador/count_reg[18]_LDC_i_1. This is not good design practice and will likely impact performance. For SLICE registers, for example, use the CE pin to control the loading of data.
Related violations: <none>

PDRC-153#11 Warning
Gated clock check  
Net ControlCoche/Cooldown_dev/Temporizador/count_reg[19]_LDC_i_1_n_0 is a gated clock net sourced by a combinational pin ControlCoche/Cooldown_dev/Temporizador/count_reg[19]_LDC_i_1/O, cell ControlCoche/Cooldown_dev/Temporizador/count_reg[19]_LDC_i_1. This is not good design practice and will likely impact performance. For SLICE registers, for example, use the CE pin to control the loading of data.
Related violations: <none>

PDRC-153#12 Warning
Gated clock check  
Net ControlCoche/Cooldown_dev/Temporizador/count_reg[1]_LDC_i_1_n_0 is a gated clock net sourced by a combinational pin ControlCoche/Cooldown_dev/Temporizador/count_reg[1]_LDC_i_1/O, cell ControlCoche/Cooldown_dev/Temporizador/count_reg[1]_LDC_i_1. This is not good design practice and will likely impact performance. For SLICE registers, for example, use the CE pin to control the loading of data.
Related violations: <none>

PDRC-153#13 Warning
Gated clock check  
Net ControlCoche/Cooldown_dev/Temporizador/count_reg[20]_LDC_i_1_n_0 is a gated clock net sourced by a combinational pin ControlCoche/Cooldown_dev/Temporizador/count_reg[20]_LDC_i_1/O, cell ControlCoche/Cooldown_dev/Temporizador/count_reg[20]_LDC_i_1. This is not good design practice and will likely impact performance. For SLICE registers, for example, use the CE pin to control the loading of data.
Related violations: <none>

PDRC-153#14 Warning
Gated clock check  
Net ControlCoche/Cooldown_dev/Temporizador/count_reg[21]_LDC_i_1_n_0 is a gated clock net sourced by a combinational pin ControlCoche/Cooldown_dev/Temporizador/count_reg[21]_LDC_i_1/O, cell ControlCoche/Cooldown_dev/Temporizador/count_reg[21]_LDC_i_1. This is not good design practice and will likely impact performance. For SLICE registers, for example, use the CE pin to control the loading of data.
Related violations: <none>

PDRC-153#15 Warning
Gated clock check  
Net ControlCoche/Cooldown_dev/Temporizador/count_reg[22]_LDC_i_1_n_0 is a gated clock net sourced by a combinational pin ControlCoche/Cooldown_dev/Temporizador/count_reg[22]_LDC_i_1/O, cell ControlCoche/Cooldown_dev/Temporizador/count_reg[22]_LDC_i_1. This is not good design practice and will likely impact performance. For SLICE registers, for example, use the CE pin to control the loading of data.
Related violations: <none>

PDRC-153#16 Warning
Gated clock check  
Net ControlCoche/Cooldown_dev/Temporizador/count_reg[23]_LDC_i_1_n_0 is a gated clock net sourced by a combinational pin ControlCoche/Cooldown_dev/Temporizador/count_reg[23]_LDC_i_1/O, cell ControlCoche/Cooldown_dev/Temporizador/count_reg[23]_LDC_i_1. This is not good design practice and will likely impact performance. For SLICE registers, for example, use the CE pin to control the loading of data.
Related violations: <none>

PDRC-153#17 Warning
Gated clock check  
Net ControlCoche/Cooldown_dev/Temporizador/count_reg[24]_LDC_i_1_n_0 is a gated clock net sourced by a combinational pin ControlCoche/Cooldown_dev/Temporizador/count_reg[24]_LDC_i_1/O, cell ControlCoche/Cooldown_dev/Temporizador/count_reg[24]_LDC_i_1. This is not good design practice and will likely impact performance. For SLICE registers, for example, use the CE pin to control the loading of data.
Related violations: <none>

PDRC-153#18 Warning
Gated clock check  
Net ControlCoche/Cooldown_dev/Temporizador/count_reg[25]_LDC_i_1_n_0 is a gated clock net sourced by a combinational pin ControlCoche/Cooldown_dev/Temporizador/count_reg[25]_LDC_i_1/O, cell ControlCoche/Cooldown_dev/Temporizador/count_reg[25]_LDC_i_1. This is not good design practice and will likely impact performance. For SLICE registers, for example, use the CE pin to control the loading of data.
Related violations: <none>

PDRC-153#19 Warning
Gated clock check  
Net ControlCoche/Cooldown_dev/Temporizador/count_reg[26]_LDC_i_1_n_0 is a gated clock net sourced by a combinational pin ControlCoche/Cooldown_dev/Temporizador/count_reg[26]_LDC_i_1/O, cell ControlCoche/Cooldown_dev/Temporizador/count_reg[26]_LDC_i_1. This is not good design practice and will likely impact performance. For SLICE registers, for example, use the CE pin to control the loading of data.
Related violations: <none>

PDRC-153#20 Warning
Gated clock check  
Net ControlCoche/Cooldown_dev/Temporizador/count_reg[27]_LDC_i_1_n_0 is a gated clock net sourced by a combinational pin ControlCoche/Cooldown_dev/Temporizador/count_reg[27]_LDC_i_1/O, cell ControlCoche/Cooldown_dev/Temporizador/count_reg[27]_LDC_i_1. This is not good design practice and will likely impact performance. For SLICE registers, for example, use the CE pin to control the loading of data.
Related violations: <none>

PDRC-153#21 Warning
Gated clock check  
Net ControlCoche/Cooldown_dev/Temporizador/count_reg[28]_LDC_i_1_n_0 is a gated clock net sourced by a combinational pin ControlCoche/Cooldown_dev/Temporizador/count_reg[28]_LDC_i_1/O, cell ControlCoche/Cooldown_dev/Temporizador/count_reg[28]_LDC_i_1. This is not good design practice and will likely impact performance. For SLICE registers, for example, use the CE pin to control the loading of data.
Related violations: <none>

PDRC-153#22 Warning
Gated clock check  
Net ControlCoche/Cooldown_dev/Temporizador/count_reg[29]_LDC_i_1_n_0 is a gated clock net sourced by a combinational pin ControlCoche/Cooldown_dev/Temporizador/count_reg[29]_LDC_i_1/O, cell ControlCoche/Cooldown_dev/Temporizador/count_reg[29]_LDC_i_1. This is not good design practice and will likely impact performance. For SLICE registers, for example, use the CE pin to control the loading of data.
Related violations: <none>

PDRC-153#23 Warning
Gated clock check  
Net ControlCoche/Cooldown_dev/Temporizador/count_reg[2]_LDC_i_1_n_0 is a gated clock net sourced by a combinational pin ControlCoche/Cooldown_dev/Temporizador/count_reg[2]_LDC_i_1/O, cell ControlCoche/Cooldown_dev/Temporizador/count_reg[2]_LDC_i_1. This is not good design practice and will likely impact performance. For SLICE registers, for example, use the CE pin to control the loading of data.
Related violations: <none>

PDRC-153#24 Warning
Gated clock check  
Net ControlCoche/Cooldown_dev/Temporizador/count_reg[30]_LDC_i_1_n_0 is a gated clock net sourced by a combinational pin ControlCoche/Cooldown_dev/Temporizador/count_reg[30]_LDC_i_1/O, cell ControlCoche/Cooldown_dev/Temporizador/count_reg[30]_LDC_i_1. This is not good design practice and will likely impact performance. For SLICE registers, for example, use the CE pin to control the loading of data.
Related violations: <none>

PDRC-153#25 Warning
Gated clock check  
Net ControlCoche/Cooldown_dev/Temporizador/count_reg[3]_LDC_i_1_n_0 is a gated clock net sourced by a combinational pin ControlCoche/Cooldown_dev/Temporizador/count_reg[3]_LDC_i_1/O, cell ControlCoche/Cooldown_dev/Temporizador/count_reg[3]_LDC_i_1. This is not good design practice and will likely impact performance. For SLICE registers, for example, use the CE pin to control the loading of data.
Related violations: <none>

PDRC-153#26 Warning
Gated clock check  
Net ControlCoche/Cooldown_dev/Temporizador/count_reg[4]_LDC_i_1_n_0 is a gated clock net sourced by a combinational pin ControlCoche/Cooldown_dev/Temporizador/count_reg[4]_LDC_i_1/O, cell ControlCoche/Cooldown_dev/Temporizador/count_reg[4]_LDC_i_1. This is not good design practice and will likely impact performance. For SLICE registers, for example, use the CE pin to control the loading of data.
Related violations: <none>

PDRC-153#27 Warning
Gated clock check  
Net ControlCoche/Cooldown_dev/Temporizador/count_reg[5]_LDC_i_1_n_0 is a gated clock net sourced by a combinational pin ControlCoche/Cooldown_dev/Temporizador/count_reg[5]_LDC_i_1/O, cell ControlCoche/Cooldown_dev/Temporizador/count_reg[5]_LDC_i_1. This is not good design practice and will likely impact performance. For SLICE registers, for example, use the CE pin to control the loading of data.
Related violations: <none>

PDRC-153#28 Warning
Gated clock check  
Net ControlCoche/Cooldown_dev/Temporizador/count_reg[6]_LDC_i_1_n_0 is a gated clock net sourced by a combinational pin ControlCoche/Cooldown_dev/Temporizador/count_reg[6]_LDC_i_1/O, cell ControlCoche/Cooldown_dev/Temporizador/count_reg[6]_LDC_i_1. This is not good design practice and will likely impact performance. For SLICE registers, for example, use the CE pin to control the loading of data.
Related violations: <none>

PDRC-153#29 Warning
Gated clock check  
Net ControlCoche/Cooldown_dev/Temporizador/count_reg[7]_LDC_i_1_n_0 is a gated clock net sourced by a combinational pin ControlCoche/Cooldown_dev/Temporizador/count_reg[7]_LDC_i_1/O, cell ControlCoche/Cooldown_dev/Temporizador/count_reg[7]_LDC_i_1. This is not good design practice and will likely impact performance. For SLICE registers, for example, use the CE pin to control the loading of data.
Related violations: <none>

PDRC-153#30 Warning
Gated clock check  
Net ControlCoche/Cooldown_dev/Temporizador/count_reg[8]_LDC_i_1_n_0 is a gated clock net sourced by a combinational pin ControlCoche/Cooldown_dev/Temporizador/count_reg[8]_LDC_i_1/O, cell ControlCoche/Cooldown_dev/Temporizador/count_reg[8]_LDC_i_1. This is not good design practice and will likely impact performance. For SLICE registers, for example, use the CE pin to control the loading of data.
Related violations: <none>

PDRC-153#31 Warning
Gated clock check  
Net ControlCoche/Cooldown_dev/Temporizador/count_reg[9]_LDC_i_1_n_0 is a gated clock net sourced by a combinational pin ControlCoche/Cooldown_dev/Temporizador/count_reg[9]_LDC_i_1/O, cell ControlCoche/Cooldown_dev/Temporizador/count_reg[9]_LDC_i_1. This is not good design practice and will likely impact performance. For SLICE registers, for example, use the CE pin to control the loading of data.
Related violations: <none>

PDRC-153#32 Warning
Gated clock check  
Net Ctrl_impresion/inst_gestion_impresion_juego/mux_and_imp_juego_futuro/multiplexor_juego/E[0] is a gated clock net sourced by a combinational pin Ctrl_impresion/inst_gestion_impresion_juego/mux_and_imp_juego_futuro/multiplexor_juego/SEGMENT_reg[7]_i_2/O, cell Ctrl_impresion/inst_gestion_impresion_juego/mux_and_imp_juego_futuro/multiplexor_juego/SEGMENT_reg[7]_i_2. This is not good design practice and will likely impact performance. For SLICE registers, for example, use the CE pin to control the loading of data.
Related violations: <none>

PDRC-153#33 Warning
Gated clock check  
Net Cuent_atras/Logica/count_reg[0]_LDC_i_1__0_n_0 is a gated clock net sourced by a combinational pin Cuent_atras/Logica/count_reg[0]_LDC_i_1__0/O, cell Cuent_atras/Logica/count_reg[0]_LDC_i_1__0. This is not good design practice and will likely impact performance. For SLICE registers, for example, use the CE pin to control the loading of data.
Related violations: <none>

PDRC-153#34 Warning
Gated clock check  
Net Generar_carretera/bloqueo_reg_LDC_i_1_n_0 is a gated clock net sourced by a combinational pin Generar_carretera/bloqueo_reg_LDC_i_1/O, cell Generar_carretera/bloqueo_reg_LDC_i_1. This is not good design practice and will likely impact performance. For SLICE registers, for example, use the CE pin to control the loading of data.
Related violations: <none>

PDRC-153#35 Warning
Gated clock check  
Net Generar_carretera/dcha_ver__0 is a gated clock net sourced by a combinational pin Generar_carretera/izq_ver_reg[2]_i_1/O, cell Generar_carretera/izq_ver_reg[2]_i_1. This is not good design practice and will likely impact performance. For SLICE registers, for example, use the CE pin to control the loading of data.
Related violations: <none>

PDRC-153#36 Warning
Gated clock check  
Net Generar_carretera/salida_aux[1]_1 is a gated clock net sourced by a combinational pin Generar_carretera/salida_aux_reg[1][2]_i_2/O, cell Generar_carretera/salida_aux_reg[1][2]_i_2. This is not good design practice and will likely impact performance. For SLICE registers, for example, use the CE pin to control the loading of data.
Related violations: <none>

PDRC-153#37 Warning
Gated clock check  
Net Generar_carretera/salida_aux[7]_0 is a gated clock net sourced by a combinational pin Generar_carretera/salida_aux_reg[7][2]_i_2/O, cell Generar_carretera/salida_aux_reg[7][2]_i_2. This is not good design practice and will likely impact performance. For SLICE registers, for example, use the CE pin to control the loading of data.
Related violations: <none>

PDRC-153#38 Warning
Gated clock check  
Net Generar_carretera/salida_aux_reg[2][2]_i_2_n_0 is a gated clock net sourced by a combinational pin Generar_carretera/salida_aux_reg[2][2]_i_2/O, cell Generar_carretera/salida_aux_reg[2][2]_i_2. This is not good design practice and will likely impact performance. For SLICE registers, for example, use the CE pin to control the loading of data.
Related violations: <none>

PDRC-153#39 Warning
Gated clock check  
Net Generar_carretera/salida_aux_reg[3][2]_i_2_n_0 is a gated clock net sourced by a combinational pin Generar_carretera/salida_aux_reg[3][2]_i_2/O, cell Generar_carretera/salida_aux_reg[3][2]_i_2. This is not good design practice and will likely impact performance. For SLICE registers, for example, use the CE pin to control the loading of data.
Related violations: <none>

PDRC-153#40 Warning
Gated clock check  
Net Generar_carretera/salida_aux_reg[4][2]_i_2_n_0 is a gated clock net sourced by a combinational pin Generar_carretera/salida_aux_reg[4][2]_i_2/O, cell Generar_carretera/salida_aux_reg[4][2]_i_2. This is not good design practice and will likely impact performance. For SLICE registers, for example, use the CE pin to control the loading of data.
Related violations: <none>

PDRC-153#41 Warning
Gated clock check  
Net Generar_carretera/salida_aux_reg[5][2]_i_2_n_0 is a gated clock net sourced by a combinational pin Generar_carretera/salida_aux_reg[5][2]_i_2/O, cell Generar_carretera/salida_aux_reg[5][2]_i_2. This is not good design practice and will likely impact performance. For SLICE registers, for example, use the CE pin to control the loading of data.
Related violations: <none>

PDRC-153#42 Warning
Gated clock check  
Net Generar_carretera/salida_aux_reg[6][2]_i_2_n_0 is a gated clock net sourced by a combinational pin Generar_carretera/salida_aux_reg[6][2]_i_2/O, cell Generar_carretera/salida_aux_reg[6][2]_i_2. This is not good design practice and will likely impact performance. For SLICE registers, for example, use the CE pin to control the loading of data.
Related violations: <none>

PDRC-153#43 Warning
Gated clock check  
Net Generar_carretera/ver1_reg_i_2_n_0 is a gated clock net sourced by a combinational pin Generar_carretera/ver1_reg_i_2/O, cell Generar_carretera/ver1_reg_i_2. This is not good design practice and will likely impact performance. For SLICE registers, for example, use the CE pin to control the loading of data.
Related violations: <none>

PDRC-153#44 Warning
Gated clock check  
Net Generar_carretera/ver2_reg_i_2_n_0 is a gated clock net sourced by a combinational pin Generar_carretera/ver2_reg_i_2/O, cell Generar_carretera/ver2_reg_i_2. This is not good design practice and will likely impact performance. For SLICE registers, for example, use the CE pin to control the loading of data.
Related violations: <none>

PDRC-153#45 Warning
Gated clock check  
Net Habilidad_tanque/FSM_onehot_cur_state_reg[0]_0 is a gated clock net sourced by a combinational pin Habilidad_tanque/FIN_NOK_reg_LDC_i_1/O, cell Habilidad_tanque/FIN_NOK_reg_LDC_i_1. This is not good design practice and will likely impact performance. For SLICE registers, for example, use the CE pin to control the loading of data.
Related violations: <none>

PDRC-153#46 Warning
Gated clock check  
Net Maquina_estados/FSM_onehot_cur_state_reg[3]_33 is a gated clock net sourced by a combinational pin Maquina_estados/count_reg[1]_LDC_i_1__0/O, cell Maquina_estados/count_reg[1]_LDC_i_1__0. This is not good design practice and will likely impact performance. For SLICE registers, for example, use the CE pin to control the loading of data.
Related violations: <none>

PDRC-153#47 Warning
Gated clock check  
Net Maquina_estados/FSM_onehot_cur_state_reg[3]_34 is a gated clock net sourced by a combinational pin Maquina_estados/count_reg[30]_LDC_i_1__0/O, cell Maquina_estados/count_reg[30]_LDC_i_1__0. This is not good design practice and will likely impact performance. For SLICE registers, for example, use the CE pin to control the loading of data.
Related violations: <none>

PDRC-153#48 Warning
Gated clock check  
Net Maquina_estados/FSM_onehot_cur_state_reg[3]_35 is a gated clock net sourced by a combinational pin Maquina_estados/count_reg[29]_LDC_i_1__0/O, cell Maquina_estados/count_reg[29]_LDC_i_1__0. This is not good design practice and will likely impact performance. For SLICE registers, for example, use the CE pin to control the loading of data.
Related violations: <none>

PDRC-153#49 Warning
Gated clock check  
Net Maquina_estados/FSM_onehot_cur_state_reg[3]_36 is a gated clock net sourced by a combinational pin Maquina_estados/count_reg[28]_LDC_i_1__0/O, cell Maquina_estados/count_reg[28]_LDC_i_1__0. This is not good design practice and will likely impact performance. For SLICE registers, for example, use the CE pin to control the loading of data.
Related violations: <none>

PDRC-153#50 Warning
Gated clock check  
Net Maquina_estados/FSM_onehot_cur_state_reg[3]_37 is a gated clock net sourced by a combinational pin Maquina_estados/count_reg[27]_LDC_i_1__0/O, cell Maquina_estados/count_reg[27]_LDC_i_1__0. This is not good design practice and will likely impact performance. For SLICE registers, for example, use the CE pin to control the loading of data.
Related violations: <none>

PDRC-153#51 Warning
Gated clock check  
Net Maquina_estados/FSM_onehot_cur_state_reg[3]_38 is a gated clock net sourced by a combinational pin Maquina_estados/count_reg[26]_LDC_i_1__0/O, cell Maquina_estados/count_reg[26]_LDC_i_1__0. This is not good design practice and will likely impact performance. For SLICE registers, for example, use the CE pin to control the loading of data.
Related violations: <none>

PDRC-153#52 Warning
Gated clock check  
Net Maquina_estados/FSM_onehot_cur_state_reg[3]_39 is a gated clock net sourced by a combinational pin Maquina_estados/count_reg[25]_LDC_i_1__0/O, cell Maquina_estados/count_reg[25]_LDC_i_1__0. This is not good design practice and will likely impact performance. For SLICE registers, for example, use the CE pin to control the loading of data.
Related violations: <none>

PDRC-153#53 Warning
Gated clock check  
Net Maquina_estados/FSM_onehot_cur_state_reg[3]_40 is a gated clock net sourced by a combinational pin Maquina_estados/count_reg[24]_LDC_i_1__0/O, cell Maquina_estados/count_reg[24]_LDC_i_1__0. This is not good design practice and will likely impact performance. For SLICE registers, for example, use the CE pin to control the loading of data.
Related violations: <none>

PDRC-153#54 Warning
Gated clock check  
Net Maquina_estados/FSM_onehot_cur_state_reg[3]_41 is a gated clock net sourced by a combinational pin Maquina_estados/count_reg[23]_LDC_i_1__0/O, cell Maquina_estados/count_reg[23]_LDC_i_1__0. This is not good design practice and will likely impact performance. For SLICE registers, for example, use the CE pin to control the loading of data.
Related violations: <none>

PDRC-153#55 Warning
Gated clock check  
Net Maquina_estados/FSM_onehot_cur_state_reg[3]_42 is a gated clock net sourced by a combinational pin Maquina_estados/count_reg[22]_LDC_i_1__0/O, cell Maquina_estados/count_reg[22]_LDC_i_1__0. This is not good design practice and will likely impact performance. For SLICE registers, for example, use the CE pin to control the loading of data.
Related violations: <none>

PDRC-153#56 Warning
Gated clock check  
Net Maquina_estados/FSM_onehot_cur_state_reg[3]_43 is a gated clock net sourced by a combinational pin Maquina_estados/count_reg[21]_LDC_i_1__0/O, cell Maquina_estados/count_reg[21]_LDC_i_1__0. This is not good design practice and will likely impact performance. For SLICE registers, for example, use the CE pin to control the loading of data.
Related violations: <none>

PDRC-153#57 Warning
Gated clock check  
Net Maquina_estados/FSM_onehot_cur_state_reg[3]_44 is a gated clock net sourced by a combinational pin Maquina_estados/count_reg[20]_LDC_i_1__0/O, cell Maquina_estados/count_reg[20]_LDC_i_1__0. This is not good design practice and will likely impact performance. For SLICE registers, for example, use the CE pin to control the loading of data.
Related violations: <none>

PDRC-153#58 Warning
Gated clock check  
Net Maquina_estados/FSM_onehot_cur_state_reg[3]_45 is a gated clock net sourced by a combinational pin Maquina_estados/count_reg[19]_LDC_i_1__0/O, cell Maquina_estados/count_reg[19]_LDC_i_1__0. This is not good design practice and will likely impact performance. For SLICE registers, for example, use the CE pin to control the loading of data.
Related violations: <none>

PDRC-153#59 Warning
Gated clock check  
Net Maquina_estados/FSM_onehot_cur_state_reg[3]_46 is a gated clock net sourced by a combinational pin Maquina_estados/count_reg[18]_LDC_i_1__0/O, cell Maquina_estados/count_reg[18]_LDC_i_1__0. This is not good design practice and will likely impact performance. For SLICE registers, for example, use the CE pin to control the loading of data.
Related violations: <none>

PDRC-153#60 Warning
Gated clock check  
Net Maquina_estados/FSM_onehot_cur_state_reg[3]_47 is a gated clock net sourced by a combinational pin Maquina_estados/count_reg[17]_LDC_i_1__0/O, cell Maquina_estados/count_reg[17]_LDC_i_1__0. This is not good design practice and will likely impact performance. For SLICE registers, for example, use the CE pin to control the loading of data.
Related violations: <none>

PDRC-153#61 Warning
Gated clock check  
Net Maquina_estados/FSM_onehot_cur_state_reg[3]_48 is a gated clock net sourced by a combinational pin Maquina_estados/count_reg[16]_LDC_i_1__0/O, cell Maquina_estados/count_reg[16]_LDC_i_1__0. This is not good design practice and will likely impact performance. For SLICE registers, for example, use the CE pin to control the loading of data.
Related violations: <none>

PDRC-153#62 Warning
Gated clock check  
Net Maquina_estados/FSM_onehot_cur_state_reg[3]_49 is a gated clock net sourced by a combinational pin Maquina_estados/count_reg[15]_LDC_i_1__0/O, cell Maquina_estados/count_reg[15]_LDC_i_1__0. This is not good design practice and will likely impact performance. For SLICE registers, for example, use the CE pin to control the loading of data.
Related violations: <none>

PDRC-153#63 Warning
Gated clock check  
Net Maquina_estados/FSM_onehot_cur_state_reg[3]_50 is a gated clock net sourced by a combinational pin Maquina_estados/count_reg[14]_LDC_i_1__0/O, cell Maquina_estados/count_reg[14]_LDC_i_1__0. This is not good design practice and will likely impact performance. For SLICE registers, for example, use the CE pin to control the loading of data.
Related violations: <none>

PDRC-153#64 Warning
Gated clock check  
Net Maquina_estados/FSM_onehot_cur_state_reg[3]_51 is a gated clock net sourced by a combinational pin Maquina_estados/count_reg[13]_LDC_i_1__0/O, cell Maquina_estados/count_reg[13]_LDC_i_1__0. This is not good design practice and will likely impact performance. For SLICE registers, for example, use the CE pin to control the loading of data.
Related violations: <none>

PDRC-153#65 Warning
Gated clock check  
Net Maquina_estados/FSM_onehot_cur_state_reg[3]_52 is a gated clock net sourced by a combinational pin Maquina_estados/count_reg[12]_LDC_i_1__0/O, cell Maquina_estados/count_reg[12]_LDC_i_1__0. This is not good design practice and will likely impact performance. For SLICE registers, for example, use the CE pin to control the loading of data.
Related violations: <none>

PDRC-153#66 Warning
Gated clock check  
Net Maquina_estados/FSM_onehot_cur_state_reg[3]_53 is a gated clock net sourced by a combinational pin Maquina_estados/count_reg[11]_LDC_i_1__0/O, cell Maquina_estados/count_reg[11]_LDC_i_1__0. This is not good design practice and will likely impact performance. For SLICE registers, for example, use the CE pin to control the loading of data.
Related violations: <none>

PDRC-153#67 Warning
Gated clock check  
Net Maquina_estados/FSM_onehot_cur_state_reg[3]_54 is a gated clock net sourced by a combinational pin Maquina_estados/count_reg[10]_LDC_i_1__0/O, cell Maquina_estados/count_reg[10]_LDC_i_1__0. This is not good design practice and will likely impact performance. For SLICE registers, for example, use the CE pin to control the loading of data.
Related violations: <none>

PDRC-153#68 Warning
Gated clock check  
Net Maquina_estados/FSM_onehot_cur_state_reg[3]_55 is a gated clock net sourced by a combinational pin Maquina_estados/count_reg[9]_LDC_i_1__0/O, cell Maquina_estados/count_reg[9]_LDC_i_1__0. This is not good design practice and will likely impact performance. For SLICE registers, for example, use the CE pin to control the loading of data.
Related violations: <none>

PDRC-153#69 Warning
Gated clock check  
Net Maquina_estados/FSM_onehot_cur_state_reg[3]_56 is a gated clock net sourced by a combinational pin Maquina_estados/count_reg[8]_LDC_i_1__0/O, cell Maquina_estados/count_reg[8]_LDC_i_1__0. This is not good design practice and will likely impact performance. For SLICE registers, for example, use the CE pin to control the loading of data.
Related violations: <none>

PDRC-153#70 Warning
Gated clock check  
Net Maquina_estados/FSM_onehot_cur_state_reg[3]_57 is a gated clock net sourced by a combinational pin Maquina_estados/count_reg[7]_LDC_i_1__0/O, cell Maquina_estados/count_reg[7]_LDC_i_1__0. This is not good design practice and will likely impact performance. For SLICE registers, for example, use the CE pin to control the loading of data.
Related violations: <none>

PDRC-153#71 Warning
Gated clock check  
Net Maquina_estados/FSM_onehot_cur_state_reg[3]_58 is a gated clock net sourced by a combinational pin Maquina_estados/count_reg[6]_LDC_i_1__0/O, cell Maquina_estados/count_reg[6]_LDC_i_1__0. This is not good design practice and will likely impact performance. For SLICE registers, for example, use the CE pin to control the loading of data.
Related violations: <none>

PDRC-153#72 Warning
Gated clock check  
Net Maquina_estados/FSM_onehot_cur_state_reg[3]_59 is a gated clock net sourced by a combinational pin Maquina_estados/count_reg[5]_LDC_i_1__0/O, cell Maquina_estados/count_reg[5]_LDC_i_1__0. This is not good design practice and will likely impact performance. For SLICE registers, for example, use the CE pin to control the loading of data.
Related violations: <none>

PDRC-153#73 Warning
Gated clock check  
Net Maquina_estados/FSM_onehot_cur_state_reg[3]_60 is a gated clock net sourced by a combinational pin Maquina_estados/count_reg[4]_LDC_i_1__0/O, cell Maquina_estados/count_reg[4]_LDC_i_1__0. This is not good design practice and will likely impact performance. For SLICE registers, for example, use the CE pin to control the loading of data.
Related violations: <none>

PDRC-153#74 Warning
Gated clock check  
Net Maquina_estados/FSM_onehot_cur_state_reg[3]_61 is a gated clock net sourced by a combinational pin Maquina_estados/count_reg[3]_LDC_i_1__0/O, cell Maquina_estados/count_reg[3]_LDC_i_1__0. This is not good design practice and will likely impact performance. For SLICE registers, for example, use the CE pin to control the loading of data.
Related violations: <none>

PDRC-153#75 Warning
Gated clock check  
Net Maquina_estados/FSM_onehot_cur_state_reg[3]_62 is a gated clock net sourced by a combinational pin Maquina_estados/count_reg[2]_LDC_i_1__0/O, cell Maquina_estados/count_reg[2]_LDC_i_1__0. This is not good design practice and will likely impact performance. For SLICE registers, for example, use the CE pin to control the loading of data.
Related violations: <none>

PDRC-153#76 Warning
Gated clock check  
Net Maquina_estados/FSM_onehot_cur_state_reg[3]_64[0] is a gated clock net sourced by a combinational pin Maquina_estados/s_leds_reg[0]_i_2/O, cell Maquina_estados/s_leds_reg[0]_i_2. This is not good design practice and will likely impact performance. For SLICE registers, for example, use the CE pin to control the loading of data.
Related violations: <none>


