#-----------------------------------------------------------
# Vivado v2024.2 (64-bit)
# SW Build 5239630 on Fri Nov 08 22:35:27 MST 2024
# IP Build 5239520 on Sun Nov 10 16:12:51 MST 2024
# SharedData Build 5239561 on Fri Nov 08 14:39:27 MST 2024
# Start of session at: Mon Jan 20 12:52:00 2025
# Process ID         : 14356
# Current directory  : C:/Users/cesar/Documents/GitHub/Asphalt-Journey/Asphalt-Journey.runs/impl_1
# Command line       : vivado.exe -log SUPER_TOP.vdi -applog -product Vivado -messageDb vivado.pb -mode batch -source SUPER_TOP.tcl -notrace
# Log file           : C:/Users/cesar/Documents/GitHub/Asphalt-Journey/Asphalt-Journey.runs/impl_1/SUPER_TOP.vdi
# Journal file       : C:/Users/cesar/Documents/GitHub/Asphalt-Journey/Asphalt-Journey.runs/impl_1\vivado.jou
# Running On         : DESKTOP-1HN8B7K
# Platform           : Windows Server 2016 or Windows 10
# Operating System   : 26100
# Processor Detail   : 11th Gen Intel(R) Core(TM) i7-1165G7 @ 2.80GHz
# CPU Frequency      : 2803 MHz
# CPU Physical cores : 4
# CPU Logical cores  : 8
# Host memory        : 16969 MB
# Swap memory        : 18253 MB
# Total Virtual      : 35223 MB
# Available Virtual  : 24877 MB
#-----------------------------------------------------------
source SUPER_TOP.tcl -notrace
